1791582876 INTERNAL *** MONITORD_STARTED ***
1791582875 INTERNAL *** DAGMAN_STARTED 4355775.0 ***
1791582876 create_dir_noble-gas-reduction_0_local SUBMIT 4355776.0 local - 1
1791582880 create_dir_noble-gas-reduction_0_local EXECUTE 4355776.0 local - 1
1791582882 create_dir_noble-gas-reduction_0_local JOB_TERMINATED 4355776.0 local - 1
1791582886 create_dir_noble-gas-reduction_0_local JOB_SUCCESS 0 local - 1
1791582886 create_dir_noble-gas-reduction_0_local POST_SCRIPT_STARTED 4355776.0 local - 1
1791582886 create_dir_noble-gas-reduction_0_local POST_SCRIPT_TERMINATED 4355776.0 local - 1
1791582891 create_dir_noble-gas-reduction_0_local POST_SCRIPT_SUCCESS 0 local - 1
1791582896 stage_in_remote_local_2_0 SUBMIT 4355778.0 local - 2
1791582896 stage_in_remote_local_1_0 SUBMIT 4355779.0 local - 3
1791582896 stage_in_remote_local_2_0 EXECUTE 4355778.0 local - 2
1791582896 stage_in_remote_local_0_0 SUBMIT 4355780.0 local - 4
1791582896 stage_in_remote_local_3_0 SUBMIT 4355781.0 local - 5
1791582900 stage_in_remote_local_2_0 JOB_TERMINATED 4355778.0 local - 2
1791582901 stage_in_remote_local_2_0 JOB_SUCCESS 0 local - 2
1791582901 stage_in_remote_local_2_0 POST_SCRIPT_STARTED 4355778.0 local - 2
1791582901 stage_in_remote_local_2_0 POST_SCRIPT_TERMINATED 4355778.0 local - 2
1791582906 stage_in_remote_local_2_0 POST_SCRIPT_SUCCESS 0 local - 2
1791582901 stage_in_remote_local_1_0 EXECUTE 4355779.0 local - 3
1791582901 stage_in_remote_local_0_0 EXECUTE 4355780.0 local - 4
1791582901 stage_in_remote_local_3_0 EXECUTE 4355781.0 local - 5
1791582904 stage_in_remote_local_1_0 JOB_TERMINATED 4355779.0 local - 3
1791582906 stage_in_remote_local_1_0 JOB_SUCCESS 0 local - 3
1791582906 stage_in_remote_local_1_0 POST_SCRIPT_STARTED 4355779.0 local - 3
1791582904 stage_in_remote_local_3_0 JOB_TERMINATED 4355781.0 local - 5
1791582906 stage_in_remote_local_3_0 JOB_SUCCESS 0 local - 5
1791582906 stage_in_remote_local_3_0 POST_SCRIPT_STARTED 4355781.0 local - 5
1791582906 stage_in_remote_local_0_0 JOB_TERMINATED 4355780.0 local - 4
1791582906 stage_in_remote_local_0_0 JOB_SUCCESS 0 local - 4
1791582906 stage_in_remote_local_0_0 POST_SCRIPT_STARTED 4355780.0 local - 4
1791582906 stage_in_remote_local_1_0 POST_SCRIPT_TERMINATED 4355779.0 local - 3
1791582911 stage_in_remote_local_1_0 POST_SCRIPT_SUCCESS 0 local - 3
1791582906 stage_in_remote_local_3_0 POST_SCRIPT_TERMINATED 4355781.0 local - 5
1791582911 stage_in_remote_local_3_0 POST_SCRIPT_SUCCESS 0 local - 5
1791582906 stage_in_remote_local_0_0 POST_SCRIPT_TERMINATED 4355780.0 local - 4
1791582911 stage_in_remote_local_0_0 POST_SCRIPT_SUCCESS 0 local - 4
1791582916 build_semiraw_ID0000001 SUBMIT 4355782.0 local - 6
1791582917 build_semiraw_ID0000001 EXECUTE 4355782.0 local - 6
1791582944 build_semiraw_ID0000001 JOB_TERMINATED 4355782.0 local - 6
1791582946 build_semiraw_ID0000001 JOB_SUCCESS 0 local - 6
1791582946 build_semiraw_ID0000001 POST_SCRIPT_STARTED 4355782.0 local - 6
1791582947 build_semiraw_ID0000001 POST_SCRIPT_TERMINATED 4355782.0 local - 6
1791582951 build_semiraw_ID0000001 POST_SCRIPT_SUCCESS 0 local - 6
1791582956 clean_up_local_level_3_0 SUBMIT 4355787.0 local - 7
1791582956 stage_out_local_local_0_0 SUBMIT 4355788.0 local - 8
1791582956 compute_references_ID0000002 SUBMIT 4355789.0 local - 9
1791582959 clean_up_local_level_3_0 EXECUTE 4355787.0 local - 7
1791582959 stage_out_local_local_0_0 EXECUTE 4355788.0 local - 8
1791582959 compute_references_ID0000002 EXECUTE 4355789.0 local - 9
1791582961 clean_up_local_level_3_0 JOB_TERMINATED 4355787.0 local - 7
1791582966 clean_up_local_level_3_0 JOB_SUCCESS 0 local - 7
1791582966 clean_up_local_level_3_0 POST_SCRIPT_STARTED 4355787.0 local - 7
1791582963 stage_out_local_local_0_0 JOB_TERMINATED 4355788.0 local - 8
1791582966 stage_out_local_local_0_0 JOB_SUCCESS 0 local - 8
1791582966 stage_out_local_local_0_0 POST_SCRIPT_STARTED 4355788.0 local - 8
1791582966 clean_up_local_level_3_0 POST_SCRIPT_TERMINATED 4355787.0 local - 7
1791582971 clean_up_local_level_3_0 POST_SCRIPT_SUCCESS 0 local - 7
1791582966 stage_out_local_local_0_0 POST_SCRIPT_TERMINATED 4355788.0 local - 8
1791582971 stage_out_local_local_0_0 POST_SCRIPT_SUCCESS 0 local - 8
1791582976 register_local_0_0 SUBMIT 4355795.0 local - 10
1791582981 register_local_0_0 EXECUTE 4355795.0 local - 10
1791582983 register_local_0_0 JOB_TERMINATED 4355795.0 local - 10
1791582986 register_local_0_0 JOB_SUCCESS 0 local - 10
1791582986 register_local_0_0 POST_SCRIPT_STARTED 4355795.0 local - 10
1791582985 compute_references_ID0000002 JOB_TERMINATED 4355789.0 local - 9
1791582986 compute_references_ID0000002 JOB_SUCCESS 0 local - 9
1791582986 compute_references_ID0000002 POST_SCRIPT_STARTED 4355789.0 local - 9
1791582986 register_local_0_0 POST_SCRIPT_TERMINATED 4355795.0 local - 10
1791582991 register_local_0_0 POST_SCRIPT_SUCCESS 0 local - 10
1791582986 compute_references_ID0000002 POST_SCRIPT_TERMINATED 4355789.0 local - 9
1791582991 compute_references_ID0000002 POST_SCRIPT_SUCCESS 0 local - 9
1791582996 clean_up_local_level_4_0 SUBMIT 4355796.0 local - 11
1791582996 stage_out_local_local_1_0 SUBMIT 4355797.0 local - 12
1791582996 clean_up_local_level_4_0 EXECUTE 4355796.0 local - 11
1791582996 samples_tab_ID0000005 SUBMIT 4355798.0 local - 13
1791582996 blanks_tab_ID0000003 SUBMIT 4355799.0 local - 14
1791582996 air_stds_tab_ID0000004 SUBMIT 4355800.0 local - 15
1791582998 clean_up_local_level_4_0 JOB_TERMINATED 4355796.0 local - 11
1791583001 clean_up_local_level_4_0 JOB_SUCCESS 0 local - 11
1791583001 clean_up_local_level_4_0 POST_SCRIPT_STARTED 4355796.0 local - 11
1791583001 clean_up_local_level_4_0 POST_SCRIPT_TERMINATED 4355796.0 local - 11
1791583006 clean_up_local_level_4_0 POST_SCRIPT_SUCCESS 0 local - 11
1791583001 stage_out_local_local_1_0 EXECUTE 4355797.0 local - 12
1791583001 samples_tab_ID0000005 EXECUTE 4355798.0 local - 13
1791583002 blanks_tab_ID0000003 EXECUTE 4355799.0 local - 14
1791583002 air_stds_tab_ID0000004 EXECUTE 4355800.0 local - 15
1791583006 stage_out_local_local_1_0 JOB_TERMINATED 4355797.0 local - 12
1791583006 stage_out_local_local_1_0 JOB_SUCCESS 0 local - 12
1791583006 stage_out_local_local_1_0 POST_SCRIPT_STARTED 4355797.0 local - 12
1791583006 stage_out_local_local_1_0 POST_SCRIPT_TERMINATED 4355797.0 local - 12
1791583011 stage_out_local_local_1_0 POST_SCRIPT_SUCCESS 0 local - 12
1791583016 register_local_1_0 SUBMIT 4355802.0 local - 16
1791583016 register_local_1_0 EXECUTE 4355802.0 local - 16
1791583018 register_local_1_0 JOB_TERMINATED 4355802.0 local - 16
1791583021 register_local_1_0 JOB_SUCCESS 0 local - 16
1791583021 register_local_1_0 POST_SCRIPT_STARTED 4355802.0 local - 16
1791583022 register_local_1_0 POST_SCRIPT_TERMINATED 4355802.0 local - 16
1791583026 register_local_1_0 POST_SCRIPT_SUCCESS 0 local - 16
1791583032 samples_tab_ID0000005 JOB_TERMINATED 4355798.0 local - 13
1791583036 samples_tab_ID0000005 JOB_SUCCESS 0 local - 13
1791583036 samples_tab_ID0000005 POST_SCRIPT_STARTED 4355798.0 local - 13
1791583032 air_stds_tab_ID0000004 JOB_TERMINATED 4355800.0 local - 15
1791583036 air_stds_tab_ID0000004 JOB_SUCCESS 0 local - 15
1791583036 air_stds_tab_ID0000004 POST_SCRIPT_STARTED 4355800.0 local - 15
1791583034 blanks_tab_ID0000003 JOB_TERMINATED 4355799.0 local - 14
1791583036 blanks_tab_ID0000003 JOB_SUCCESS 0 local - 14
1791583036 blanks_tab_ID0000003 POST_SCRIPT_STARTED 4355799.0 local - 14
1791583036 air_stds_tab_ID0000004 POST_SCRIPT_TERMINATED 4355800.0 local - 15
1791583041 air_stds_tab_ID0000004 POST_SCRIPT_SUCCESS 0 local - 15
1791583036 blanks_tab_ID0000003 POST_SCRIPT_TERMINATED 4355799.0 local - 14
1791583041 blanks_tab_ID0000003 POST_SCRIPT_SUCCESS 0 local - 14
1791583036 samples_tab_ID0000005 POST_SCRIPT_TERMINATED 4355798.0 local - 13
1791583041 samples_tab_ID0000005 POST_SCRIPT_SUCCESS 0 local - 13
1791583046 clean_up_local_level_5_0 SUBMIT 4355807.0 local - 17
1791583046 stage_out_local_local_2_0 SUBMIT 4355808.0 local - 18
1791583046 assemble_workbook_ID0000006 SUBMIT 4355809.0 local - 19
1791583049 clean_up_local_level_5_0 EXECUTE 4355807.0 local - 17
1791583049 stage_out_local_local_2_0 EXECUTE 4355808.0 local - 18
1791583049 assemble_workbook_ID0000006 EXECUTE 4355809.0 local - 19
1791583053 stage_out_local_local_2_0 JOB_TERMINATED 4355808.0 local - 18
1791583056 stage_out_local_local_2_0 JOB_SUCCESS 0 local - 18
1791583056 stage_out_local_local_2_0 POST_SCRIPT_STARTED 4355808.0 local - 18
1791583056 stage_out_local_local_2_0 POST_SCRIPT_TERMINATED 4355808.0 local - 18
1791583061 stage_out_local_local_2_0 POST_SCRIPT_SUCCESS 0 local - 18
1791583065 clean_up_local_level_5_0 JOB_TERMINATED 4355807.0 local - 17
1791583066 clean_up_local_level_5_0 JOB_SUCCESS 0 local - 17
1791583066 clean_up_local_level_5_0 POST_SCRIPT_STARTED 4355807.0 local - 17
1791583066 register_local_2_0 SUBMIT 4355810.0 local - 20
1791583066 register_local_2_0 EXECUTE 4355810.0 local - 20
1791583066 clean_up_local_level_5_0 POST_SCRIPT_TERMINATED 4355807.0 local - 17
1791583071 clean_up_local_level_5_0 POST_SCRIPT_SUCCESS 0 local - 17
1791583068 register_local_2_0 JOB_TERMINATED 4355810.0 local - 20
1791583071 register_local_2_0 JOB_SUCCESS 0 local - 20
1791583071 register_local_2_0 POST_SCRIPT_STARTED 4355810.0 local - 20
1791583071 register_local_2_0 POST_SCRIPT_TERMINATED 4355810.0 local - 20
1791583076 register_local_2_0 POST_SCRIPT_SUCCESS 0 local - 20
1791583103 assemble_workbook_ID0000006 JOB_TERMINATED 4355809.0 local - 19
1791583106 assemble_workbook_ID0000006 JOB_SUCCESS 0 local - 19
1791583106 assemble_workbook_ID0000006 POST_SCRIPT_STARTED 4355809.0 local - 19
1791583106 assemble_workbook_ID0000006 POST_SCRIPT_TERMINATED 4355809.0 local - 19
1791583111 assemble_workbook_ID0000006 POST_SCRIPT_SUCCESS 0 local - 19
1791583117 clean_up_local_level_6_0 SUBMIT 4355813.0 local - 21
1791583117 stage_out_local_local_3_0 SUBMIT 4355814.0 local - 22
1791583117 clean_up_local_level_6_0 EXECUTE 4355813.0 local - 21
1791583122 stage_out_local_local_3_0 EXECUTE 4355814.0 local - 22
1791583124 stage_out_local_local_3_0 JOB_TERMINATED 4355814.0 local - 22
1791583127 stage_out_local_local_3_0 JOB_SUCCESS 0 local - 22
1791583127 stage_out_local_local_3_0 POST_SCRIPT_STARTED 4355814.0 local - 22
1791583127 stage_out_local_local_3_0 POST_SCRIPT_TERMINATED 4355814.0 local - 22
1791583132 stage_out_local_local_3_0 POST_SCRIPT_SUCCESS 0 local - 22
1791583133 clean_up_local_level_6_0 JOB_TERMINATED 4355813.0 local - 21
1791583137 clean_up_local_level_6_0 JOB_SUCCESS 0 local - 21
1791583137 clean_up_local_level_6_0 POST_SCRIPT_STARTED 4355813.0 local - 21
1791583137 clean_up_local_level_7_0 SUBMIT 4355817.0 local - 23
1791583137 register_local_3_0 SUBMIT 4355818.0 local - 24
1791583137 clean_up_local_level_7_0 EXECUTE 4355817.0 local - 23
1791583137 clean_up_local_level_6_0 POST_SCRIPT_TERMINATED 4355813.0 local - 21
1791583142 clean_up_local_level_6_0 POST_SCRIPT_SUCCESS 0 local - 21
1791583139 clean_up_local_level_7_0 JOB_TERMINATED 4355817.0 local - 23
1791583142 clean_up_local_level_7_0 JOB_SUCCESS 0 local - 23
1791583142 clean_up_local_level_7_0 POST_SCRIPT_STARTED 4355817.0 local - 23
1791583142 clean_up_local_level_7_0 POST_SCRIPT_TERMINATED 4355817.0 local - 23
1791583147 clean_up_local_level_7_0 POST_SCRIPT_SUCCESS 0 local - 23
1791583142 register_local_3_0 EXECUTE 4355818.0 local - 24
1791583144 register_local_3_0 JOB_TERMINATED 4355818.0 local - 24
1791583147 register_local_3_0 JOB_SUCCESS 0 local - 24
1791583147 register_local_3_0 POST_SCRIPT_STARTED 4355818.0 local - 24
1791583147 register_local_3_0 POST_SCRIPT_TERMINATED 4355818.0 local - 24
1791583152 register_local_3_0 POST_SCRIPT_SUCCESS 0 local - 24
1791583152 cleanup_noble-gas-reduction_0_local SUBMIT 4355820.0 local - 25
1791583152 cleanup_noble-gas-reduction_0_local EXECUTE 4355820.0 local - 25
1791583154 cleanup_noble-gas-reduction_0_local JOB_TERMINATED 4355820.0 local - 25
1791583157 cleanup_noble-gas-reduction_0_local JOB_SUCCESS 0 local - 25
1791583157 cleanup_noble-gas-reduction_0_local POST_SCRIPT_STARTED 4355820.0 local - 25
1791583157 cleanup_noble-gas-reduction_0_local POST_SCRIPT_TERMINATED 4355820.0 local - 25
1791583162 cleanup_noble-gas-reduction_0_local POST_SCRIPT_SUCCESS 0 local - 25
1791583162 INTERNAL *** DAGMAN_FINISHED 0 ***
1791583164 INTERNAL *** MONITORD_FINISHED 0 ***
