2026-10-09 21:54:35,626:INFO:pegasus-monitord(65): pegasus-monitord starting - pid 3718843 
2026-10-09 21:54:35,630:INFO:pegasus-monitord(463): Final Command line options are: ['-N', 'noble-gas-reduction-0.dag.dagman.out']
2026-10-09 21:54:35,632:INFO:Pegasus.monitoring.event_output.MultiplexEventSink(507): Multiplexed Event Sink Connection Properties  {'amqp.url': 'amqp://friend:donatedata@msgs.pegasus.isi.edu:5672/prod/workflows', 'default.url': 'sqlite:////home/vsaiadian/Hotsprings/workflow/work/vsaiadian/pegasus/noble-gas-reduction/run0004/noble-gas-reduction-0.stampede.db'}
2026-10-09 21:54:35,632:INFO:Pegasus.monitoring.event_output(628): Connecting workflow event sink to amqp://friend:donatedata@msgs.pegasus.isi.edu:5672/prod/workflows
2026-10-09 21:54:35,632:INFO:Pegasus.monitoring.event_output.AMQPEventSink(323): Encoder used <function json_encode at 0x7ff13cc390d0> Properties received {'url': 'amqp://friend:donatedata@msgs.pegasus.isi.edu:5672/prod/workflows'}
2026-10-09 21:54:35,633:INFO:Pegasus.monitoring.event_output.AMQPEventSink(375): Connecting to host: msgs.pegasus.isi.edu:5672 virtual host: prod exchange: workflows with user: friend ssl: False
2026-10-09 21:54:35,635:INFO:Pegasus.monitoring.event_output(702): output type=AMQP namespace=stampede. name=msgs.pegasus.isi.edu:5672//prod/workflows
2026-10-09 21:54:35,635:INFO:Pegasus.monitoring.event_output(628): Connecting workflow event sink to sqlite:////home/vsaiadian/Hotsprings/workflow/work/vsaiadian/pegasus/noble-gas-reduction/run0004/noble-gas-reduction-0.stampede.db
2026-10-09 21:54:35,644:INFO:pika.adapters.utils.connection_workflow(179): Pika version 1.3.1 connecting to ('128.9.46.112', 5672)
Pegasus database was successfully created.
2026-10-09 21:54:35,705:INFO:pika.adapters.utils.io_services_utils(345): Socket connected: <socket.socket fd=7, family=AddressFamily.AF_INET, type=2049, proto=6, laddr=('10.1.214.25', 15196), raddr=('128.9.46.112', 5672)>
2026-10-09 21:54:35,706:INFO:pika.adapters.utils.connection_workflow(428): Streaming transport linked up: (<pika.adapters.utils.io_services_utils._AsyncPlaintextTransport object at 0x7ff13cb524e0>, _StreamingProtocolShim: <SelectConnection PROTOCOL transport=<pika.adapters.utils.io_services_utils._AsyncPlaintextTransport object at 0x7ff13cb524e0> params=<ConnectionParameters host=msgs.pegasus.isi.edu port=5672 virtual_host=prod ssl=False>>).
2026-10-09 21:54:35,889:INFO:pika.adapters.utils.connection_workflow(293): AMQPConnector - reporting success: <SelectConnection OPEN transport=<pika.adapters.utils.io_services_utils._AsyncPlaintextTransport object at 0x7ff13cb524e0> params=<ConnectionParameters host=msgs.pegasus.isi.edu port=5672 virtual_host=prod ssl=False>>
2026-10-09 21:54:35,889:INFO:pika.adapters.utils.connection_workflow(725): AMQPConnectionWorkflow - reporting success: <SelectConnection OPEN transport=<pika.adapters.utils.io_services_utils._AsyncPlaintextTransport object at 0x7ff13cb524e0> params=<ConnectionParameters host=msgs.pegasus.isi.edu port=5672 virtual_host=prod ssl=False>>
2026-10-09 21:54:35,890:INFO:pika.adapters.blocking_connection(454): Connection workflow succeeded: <SelectConnection OPEN transport=<pika.adapters.utils.io_services_utils._AsyncPlaintextTransport object at 0x7ff13cb524e0> params=<ConnectionParameters host=msgs.pegasus.isi.edu port=5672 virtual_host=prod ssl=False>>
2026-10-09 21:54:35,890:INFO:pika.adapters.blocking_connection(1264): Created channel=1
Database version: '5.1.3' (sqlite:////home/vsaiadian/Hotsprings/workflow/work/vsaiadian/pegasus/noble-gas-reduction/run0004/noble-gas-reduction-0.stampede.db)
2026-10-09 21:54:36,263:INFO:Pegasus.monitoring.event_output(702): output type=DB namespace=stampede. name=sqlite:////home/vsaiadian/Hotsprings/workflow/work/vsaiadian/pegasus/noble-gas-reduction/run0004/noble-gas-reduction-0.stampede.db
2026-10-09 21:54:36,263:INFO:Pegasus.monitoring.event_output(628): Connecting workflow event sink to sqlite:////home/vsaiadian/.pegasus/workflow.db
Database version: '5.1.3' (sqlite:////home/vsaiadian/.pegasus/workflow.db)
2026-10-09 21:54:36,460:INFO:Pegasus.monitoring.event_output(702): output type=DB namespace=dashboard. name=sqlite:////home/vsaiadian/.pegasus/workflow.db
2026-10-09 21:54:36,460:INFO:pegasus-monitord(1258): monitord started in fast start mode
2026-10-09 21:54:36,472:INFO:Pegasus.monitoring.workflow(460): cannot open state file /home/vsaiadian/Hotsprings/workflow/work/vsaiadian/pegasus/noble-gas-reduction/run0004/monitord.info, continuing without state...
2026-10-09 21:54:36,472:INFO:Pegasus.monitoring.workflow(1151): creating new file /home/vsaiadian/Hotsprings/workflow/work/vsaiadian/pegasus/noble-gas-reduction/run0004/jobstate.log
2026-10-09 21:54:36,472:INFO:Pegasus.monitoring.workflow(1161): Appending to existing jobstate.log replay_mode 0 previous_processed_line 0
2026-10-09 21:54:36,472:INFO:Pegasus.monitoring.notifications(472): loading notifications from /home/vsaiadian/Hotsprings/workflow/work/vsaiadian/pegasus/noble-gas-reduction/run0004/noble-gas-reduction-0.notify
2026-10-09 21:54:36,880:INFO:Pegasus.monitoring.workflow(204): Parsing DAG file /home/vsaiadian/Hotsprings/workflow/work/vsaiadian/pegasus/noble-gas-reduction/run0004/noble-gas-reduction-0.dag
2026-10-09 21:54:36,881:INFO:pegasus-monitord(987): Using DAGMan version 25.14.1 251401
2026-10-09 21:54:36,884:INFO:pegasus-monitord(968): using dag noble-gas-reduction-0.dag
2026-10-09 21:54:36,884:INFO:Pegasus.monitoring.workflow(810): DAGMan starting with condor id 4355775.0
2026-10-09 21:54:36,900:INFO:pegasus-monitord(1067): time stamp format not recognized
2026-10-09 21:54:36,900:INFO:pegasus-monitord(1067): time stamp format not recognized
2026-10-09 21:54:36,900:INFO:pegasus-monitord(1067): time stamp format not recognized
2026-10-09 21:54:56,974:INFO:pegasus-monitord(1067): time stamp format not recognized
2026-10-09 21:54:56,974:INFO:pegasus-monitord(1067): time stamp format not recognized
2026-10-09 21:54:56,974:INFO:pegasus-monitord(1067): time stamp format not recognized
2026-10-09 21:54:56,975:INFO:pegasus-monitord(1067): time stamp format not recognized
2026-10-09 21:54:56,975:INFO:pegasus-monitord(1067): time stamp format not recognized
2026-10-09 21:54:56,975:INFO:pegasus-monitord(1067): time stamp format not recognized
2026-10-09 21:54:56,975:INFO:pegasus-monitord(1067): time stamp format not recognized
2026-10-09 21:54:56,975:INFO:pegasus-monitord(1067): time stamp format not recognized
2026-10-09 21:55:17,205:INFO:pegasus-monitord(1067): time stamp format not recognized
2026-10-09 21:55:56,630:INFO:pegasus-monitord(1067): time stamp format not recognized
2026-10-09 21:55:56,630:INFO:pegasus-monitord(1067): time stamp format not recognized
2026-10-09 21:55:56,630:INFO:pegasus-monitord(1067): time stamp format not recognized
2026-10-09 21:55:56,630:INFO:pegasus-monitord(1067): time stamp format not recognized
2026-10-09 21:55:56,631:INFO:pegasus-monitord(1067): time stamp format not recognized
2026-10-09 21:55:56,631:INFO:pegasus-monitord(1067): time stamp format not recognized
2026-10-09 21:56:16,756:INFO:pegasus-monitord(1067): time stamp format not recognized
2026-10-09 21:56:16,756:INFO:pegasus-monitord(1067): time stamp format not recognized
2026-10-09 21:56:16,756:INFO:pegasus-monitord(1067): time stamp format not recognized
2026-10-09 21:56:31,813:INFO:Pegasus.monitoring.workflow(2483): Populating locations corresponding to succeeded registration job  /home/vsaiadian/Hotsprings/workflow/work/vsaiadian/pegasus/noble-gas-reduction/run0004/00/00/register_local_0_0.in 
2026-10-09 21:56:37,058:INFO:pegasus-monitord(1067): time stamp format not recognized
2026-10-09 21:56:37,059:INFO:pegasus-monitord(1067): time stamp format not recognized
2026-10-09 21:56:37,059:INFO:pegasus-monitord(1067): time stamp format not recognized
2026-10-09 21:56:37,059:INFO:pegasus-monitord(1067): time stamp format not recognized
2026-10-09 21:56:37,059:INFO:pegasus-monitord(1067): time stamp format not recognized
2026-10-09 21:56:37,060:INFO:pegasus-monitord(1067): time stamp format not recognized
2026-10-09 21:56:37,060:INFO:pegasus-monitord(1067): time stamp format not recognized
2026-10-09 21:56:37,060:INFO:pegasus-monitord(1067): time stamp format not recognized
2026-10-09 21:56:57,308:INFO:pegasus-monitord(1067): time stamp format not recognized
2026-10-09 21:56:57,308:INFO:pegasus-monitord(1067): time stamp format not recognized
2026-10-09 21:56:57,308:INFO:pegasus-monitord(1067): time stamp format not recognized
2026-10-09 21:57:06,370:INFO:Pegasus.monitoring.workflow(2483): Populating locations corresponding to succeeded registration job  /home/vsaiadian/Hotsprings/workflow/work/vsaiadian/pegasus/noble-gas-reduction/run0004/00/00/register_local_1_0.in 
2026-10-09 21:57:26,749:INFO:pegasus-monitord(1067): time stamp format not recognized
2026-10-09 21:57:26,749:INFO:pegasus-monitord(1067): time stamp format not recognized
2026-10-09 21:57:26,749:INFO:pegasus-monitord(1067): time stamp format not recognized
2026-10-09 21:57:26,749:INFO:pegasus-monitord(1067): time stamp format not recognized
2026-10-09 21:57:26,749:INFO:pegasus-monitord(1067): time stamp format not recognized
2026-10-09 21:57:26,750:INFO:pegasus-monitord(1067): time stamp format not recognized
2026-10-09 21:57:46,878:INFO:pegasus-monitord(1067): time stamp format not recognized
2026-10-09 21:57:46,878:INFO:pegasus-monitord(1067): time stamp format not recognized
2026-10-09 21:57:46,878:INFO:pegasus-monitord(1067): time stamp format not recognized
2026-10-09 21:57:56,964:INFO:Pegasus.monitoring.workflow(2483): Populating locations corresponding to succeeded registration job  /home/vsaiadian/Hotsprings/workflow/work/vsaiadian/pegasus/noble-gas-reduction/run0004/00/00/register_local_2_0.in 
2026-10-09 21:58:37,148:INFO:pegasus-monitord(1067): time stamp format not recognized
2026-10-09 21:58:37,148:INFO:pegasus-monitord(1067): time stamp format not recognized
2026-10-09 21:58:37,149:INFO:pegasus-monitord(1067): time stamp format not recognized
2026-10-09 21:58:37,149:INFO:pegasus-monitord(1067): time stamp format not recognized
2026-10-09 21:58:37,149:INFO:pegasus-monitord(1067): time stamp format not recognized
2026-10-09 21:58:57,262:INFO:pegasus-monitord(1067): time stamp format not recognized
2026-10-09 21:58:57,262:INFO:pegasus-monitord(1067): time stamp format not recognized
2026-10-09 21:58:58,264:INFO:pegasus-monitord(1067): time stamp format not recognized
2026-10-09 21:58:58,264:INFO:pegasus-monitord(1067): time stamp format not recognized
2026-10-09 21:58:58,264:INFO:pegasus-monitord(1067): time stamp format not recognized
2026-10-09 21:59:13,369:INFO:pegasus-monitord(1067): time stamp format not recognized
2026-10-09 21:59:13,370:INFO:pegasus-monitord(1067): time stamp format not recognized
2026-10-09 21:59:13,370:INFO:pegasus-monitord(1067): time stamp format not recognized
2026-10-09 21:59:13,389:INFO:Pegasus.monitoring.workflow(2483): Populating locations corresponding to succeeded registration job  /home/vsaiadian/Hotsprings/workflow/work/vsaiadian/pegasus/noble-gas-reduction/run0004/00/00/register_local_3_0.in 
2026-10-09 21:59:23,442:INFO:pegasus-monitord(940): DAGMan noble-gas-reduction-0.dag finished with exit code 0
2026-10-09 21:59:24,460:INFO:pegasus-monitord(1438): workflow /home/vsaiadian/Hotsprings/workflow/work/vsaiadian/pegasus/noble-gas-reduction/run0004/noble-gas-reduction-0.dag.dagman.out ended
2026-10-09 21:59:24,460:INFO:Pegasus.monitoring.workflow(1381): recovery file deleted: /home/vsaiadian/Hotsprings/workflow/work/vsaiadian/pegasus/noble-gas-reduction/run0004/monitord.recover
2026-10-09 21:59:24,461:INFO:pegasus-monitord(1676): finishing workflow: /home/vsaiadian/Hotsprings/workflow/work/vsaiadian/pegasus/noble-gas-reduction/run0004/noble-gas-reduction-0.dag.dagman.out
2026-10-09 21:59:24,461:INFO:pegasus-monitord(1730): finishing notifications...
2026-10-09 21:59:24,461:INFO:pegasus-monitord(1738): monitord process 3718843 exiting with 0
2026-10-09 21:59:24,462:INFO:pegasus-monitord(205): DB flushing beginning
2026-10-09 21:59:28,445:INFO:pika.adapters.blocking_connection(802): Closing connection (200): Normal shutdown
2026-10-09 21:59:28,446:INFO:pika.channel(537): Closing channel (200): 'Normal shutdown' on <Channel number=1 OPEN conn=<SelectConnection OPEN transport=<pika.adapters.utils.io_services_utils._AsyncPlaintextTransport object at 0x7ff13cb524e0> params=<ConnectionParameters host=msgs.pegasus.isi.edu port=5672 virtual_host=prod ssl=False>>>
2026-10-09 21:59:28,506:INFO:pika.channel(1133): Received <Channel.CloseOk> on <Channel number=1 CLOSING conn=<SelectConnection OPEN transport=<pika.adapters.utils.io_services_utils._AsyncPlaintextTransport object at 0x7ff13cb524e0> params=<ConnectionParameters host=msgs.pegasus.isi.edu port=5672 virtual_host=prod ssl=False>>>
2026-10-09 21:59:28,506:INFO:pika.connection(1318): Closing connection (200): 'Normal shutdown'
2026-10-09 21:59:28,566:INFO:pika.adapters.utils.io_services_utils(732): Aborting transport connection: state=1; <socket.socket fd=7, family=AddressFamily.AF_INET, type=2049, proto=6, laddr=('10.1.214.25', 15196), raddr=('128.9.46.112', 5672)>
2026-10-09 21:59:28,567:INFO:pika.adapters.utils.io_services_utils(907): _AsyncTransportBase._initate_abort(): Initiating abrupt asynchronous transport shutdown: state=1; error=None; <socket.socket fd=7, family=AddressFamily.AF_INET, type=2049, proto=6, laddr=('10.1.214.25', 15196), raddr=('128.9.46.112', 5672)>
2026-10-09 21:59:28,567:INFO:pika.adapters.utils.io_services_utils(870): Deactivating transport: state=1; <socket.socket fd=7, family=AddressFamily.AF_INET, type=2049, proto=6, laddr=('10.1.214.25', 15196), raddr=('128.9.46.112', 5672)>
2026-10-09 21:59:28,567:INFO:pika.connection(2022): AMQP stack terminated, failed to connect, or aborted: opened=True, error-arg=None; pending-error=ConnectionClosedByClient: (200) 'Normal shutdown'
2026-10-09 21:59:28,567:INFO:pika.connection(2088): Stack terminated due to ConnectionClosedByClient: (200) 'Normal shutdown'
2026-10-09 21:59:28,568:INFO:pika.adapters.utils.io_services_utils(883): Closing transport socket and unlinking: state=3; <socket.socket fd=7, family=AddressFamily.AF_INET, type=2049, proto=6, laddr=('10.1.214.25', 15196), raddr=('128.9.46.112', 5672)>
2026-10-09 21:59:28,568:INFO:pika.adapters.blocking_connection(526): User-initiated close: result=BlockingConnection__OnClosedArgs(connection=<SelectConnection CLOSED transport=None params=<ConnectionParameters host=msgs.pegasus.isi.edu port=5672 virtual_host=prod ssl=False>>, error=ConnectionClosedByClient: (200) 'Normal shutdown')
2026-10-09 21:59:28,570:INFO:Pegasus.db.workflow_loader.WorkflowLoader(1244): Executing final flush
2026-10-09 21:59:28,636:INFO:Pegasus.db.dashboard_loader.DashboardLoader(397): Executing final flush
2026-10-09 21:59:28,637:INFO:pegasus-monitord(221): DB flushing ended
