{"name": ".//00/00/create_dir_noble-gas-reduction_0_local.out", "timestamp": "2026-10-09T21:54:46.420725", "exitcode": 0, "app_exitcode": 0, "retry": 0, "job_retry": 0, "std_out": "", "std_err": ""}
{"name": ".//00/00/stage_in_remote_local_2_0.out", "timestamp": "2026-10-09T21:55:01.693309", "exitcode": 0, "app_exitcode": 0, "retry": 0, "job_retry": 0, "std_out": "", "std_err": ""}
{"name": ".//00/00/stage_in_remote_local_1_0.out", "timestamp": "2026-10-09T21:55:06.819556", "exitcode": 0, "app_exitcode": 0, "retry": 0, "job_retry": 0, "std_out": "", "std_err": ""}
{"name": ".//00/00/stage_in_remote_local_3_0.out", "timestamp": "2026-10-09T21:55:06.820963", "exitcode": 0, "app_exitcode": 0, "retry": 0, "job_retry": 0, "std_out": "", "std_err": ""}
{"name": ".//00/00/stage_in_remote_local_0_0.out", "timestamp": "2026-10-09T21:55:06.823533", "exitcode": 0, "app_exitcode": 0, "retry": 0, "job_retry": 0, "std_out": "", "std_err": ""}
{"name": ".//00/00/build_semiraw_ID0000001.out", "timestamp": "2026-10-09T21:55:47.071153", "exitcode": 0, "app_exitcode": 0, "retry": 0, "job_retry": 0, "std_out": "", "std_err": ""}
{"name": ".//00/00/clean_up_local_level_3_0.out", "timestamp": "2026-10-09T21:56:06.254476", "exitcode": 0, "app_exitcode": 0, "retry": 0, "job_retry": 0, "std_out": "", "std_err": ""}
{"name": ".//00/00/stage_out_local_local_0_0.out", "timestamp": "2026-10-09T21:56:06.258602", "exitcode": 0, "app_exitcode": 0, "retry": 0, "job_retry": 0, "std_out": "", "std_err": ""}
{"name": ".//00/00/register_local_0_0.out", "timestamp": "2026-10-09T21:56:26.419079", "exitcode": 0, "app_exitcode": 0, "retry": 0, "job_retry": 0, "std_out": "", "std_err": ""}
{"name": ".//00/00/compute_references_ID0000002.out", "timestamp": "2026-10-09T21:56:26.421114", "exitcode": 0, "app_exitcode": 0, "retry": 0, "job_retry": 0, "std_out": "", "std_err": ""}
{"name": ".//00/00/clean_up_local_level_4_0.out", "timestamp": "2026-10-09T21:56:41.702948", "exitcode": 0, "app_exitcode": 0, "retry": 0, "job_retry": 0, "std_out": "", "std_err": ""}
{"name": ".//00/00/stage_out_local_local_1_0.out", "timestamp": "2026-10-09T21:56:46.883125", "exitcode": 0, "app_exitcode": 0, "retry": 0, "job_retry": 0, "std_out": "", "std_err": ""}
{"name": ".//00/00/register_local_1_0.out", "timestamp": "2026-10-09T21:57:02.058786", "exitcode": 0, "app_exitcode": 0, "retry": 0, "job_retry": 0, "std_out": "", "std_err": ""}
{"name": ".//00/00/air_stds_tab_ID0000004.out", "timestamp": "2026-10-09T21:57:16.201620", "exitcode": 0, "app_exitcode": 0, "retry": 0, "job_retry": 0, "std_out": "", "std_err": ""}
{"name": ".//00/00/blanks_tab_ID0000003.out", "timestamp": "2026-10-09T21:57:16.203822", "exitcode": 0, "app_exitcode": 0, "retry": 0, "job_retry": 0, "std_out": "", "std_err": ""}
{"name": ".//00/00/samples_tab_ID0000005.out", "timestamp": "2026-10-09T21:57:16.203995", "exitcode": 0, "app_exitcode": 0, "retry": 0, "job_retry": 0, "std_out": "", "std_err": ""}
{"name": ".//00/00/stage_out_local_local_2_0.out", "timestamp": "2026-10-09T21:57:36.408729", "exitcode": 0, "app_exitcode": 0, "retry": 0, "job_retry": 0, "std_out": "", "std_err": ""}
{"name": ".//00/00/clean_up_local_level_5_0.out", "timestamp": "2026-10-09T21:57:46.564726", "exitcode": 0, "app_exitcode": 0, "retry": 0, "job_retry": 0, "std_out": "", "std_err": ""}
{"name": ".//00/00/register_local_2_0.out", "timestamp": "2026-10-09T21:57:51.692152", "exitcode": 0, "app_exitcode": 0, "retry": 0, "job_retry": 0, "std_out": "", "std_err": ""}
{"name": ".//00/00/assemble_workbook_ID0000006.out", "timestamp": "2026-10-09T21:58:26.848012", "exitcode": 0, "app_exitcode": 0, "retry": 0, "job_retry": 0, "std_out": "", "std_err": ""}
{"name": ".//00/00/stage_out_local_local_3_0.out", "timestamp": "2026-10-09T21:58:47.193201", "exitcode": 0, "app_exitcode": 0, "retry": 0, "job_retry": 0, "std_out": "", "std_err": ""}
{"name": ".//00/00/clean_up_local_level_6_0.out", "timestamp": "2026-10-09T21:58:57.390470", "exitcode": 0, "app_exitcode": 0, "retry": 0, "job_retry": 0, "std_out": "", "std_err": ""}
{"name": ".//00/00/clean_up_local_level_7_0.out", "timestamp": "2026-10-09T21:59:02.511211", "exitcode": 0, "app_exitcode": 0, "retry": 0, "job_retry": 0, "std_out": "", "std_err": ""}
{"name": ".//00/00/register_local_3_0.out", "timestamp": "2026-10-09T21:59:07.634532", "exitcode": 0, "app_exitcode": 0, "retry": 0, "job_retry": 0, "std_out": "", "std_err": ""}
{"name": ".//00/00/cleanup_noble-gas-reduction_0_local.out", "timestamp": "2026-10-09T21:59:17.783234", "exitcode": 0, "app_exitcode": 0, "retry": 0, "job_retry": 0, "std_out": "", "std_err": ""}
