1791572000 INTERNAL *** MONITORD_STARTED ***
1791571998 INTERNAL *** DAGMAN_STARTED 4355734.0 ***
1791571999 create_dir_noble-gas-reduction_0_local SUBMIT 4355735.0 local - 1
1791572003 create_dir_noble-gas-reduction_0_local EXECUTE 4355735.0 local - 1
1791572005 create_dir_noble-gas-reduction_0_local JOB_TERMINATED 4355735.0 local - 1
1791572010 create_dir_noble-gas-reduction_0_local JOB_SUCCESS 0 local - 1
1791572010 create_dir_noble-gas-reduction_0_local POST_SCRIPT_STARTED 4355735.0 local - 1
1791572010 create_dir_noble-gas-reduction_0_local POST_SCRIPT_TERMINATED 4355735.0 local - 1
1791572015 create_dir_noble-gas-reduction_0_local POST_SCRIPT_SUCCESS 0 local - 1
1791572020 stage_in_remote_local_2_0 SUBMIT 4355736.0 local - 2
1791572020 stage_in_remote_local_1_0 SUBMIT 4355737.0 local - 3
1791572020 stage_in_remote_local_2_0 EXECUTE 4355736.0 local - 2
1791572020 stage_in_remote_local_0_0 SUBMIT 4355738.0 local - 4
1791572020 stage_in_remote_local_3_0 SUBMIT 4355739.0 local - 5
1791572024 stage_in_remote_local_2_0 JOB_TERMINATED 4355736.0 local - 2
1791572025 stage_in_remote_local_2_0 JOB_SUCCESS 0 local - 2
1791572025 stage_in_remote_local_2_0 POST_SCRIPT_STARTED 4355736.0 local - 2
1791572025 stage_in_remote_local_2_0 POST_SCRIPT_TERMINATED 4355736.0 local - 2
1791572030 stage_in_remote_local_2_0 POST_SCRIPT_SUCCESS 0 local - 2
1791572025 stage_in_remote_local_1_0 EXECUTE 4355737.0 local - 3
1791572025 stage_in_remote_local_0_0 EXECUTE 4355738.0 local - 4
1791572025 stage_in_remote_local_3_0 EXECUTE 4355739.0 local - 5
1791572027 stage_in_remote_local_1_0 JOB_TERMINATED 4355737.0 local - 3
1791572030 stage_in_remote_local_1_0 JOB_SUCCESS 0 local - 3
1791572030 stage_in_remote_local_1_0 POST_SCRIPT_STARTED 4355737.0 local - 3
1791572027 stage_in_remote_local_3_0 JOB_TERMINATED 4355739.0 local - 5
1791572030 stage_in_remote_local_3_0 JOB_SUCCESS 0 local - 5
1791572030 stage_in_remote_local_3_0 POST_SCRIPT_STARTED 4355739.0 local - 5
1791572029 stage_in_remote_local_0_0 JOB_TERMINATED 4355738.0 local - 4
1791572030 stage_in_remote_local_0_0 JOB_SUCCESS 0 local - 4
1791572030 stage_in_remote_local_0_0 POST_SCRIPT_STARTED 4355738.0 local - 4
1791572030 stage_in_remote_local_1_0 POST_SCRIPT_TERMINATED 4355737.0 local - 3
1791572035 stage_in_remote_local_1_0 POST_SCRIPT_SUCCESS 0 local - 3
1791572030 stage_in_remote_local_3_0 POST_SCRIPT_TERMINATED 4355739.0 local - 5
1791572035 stage_in_remote_local_3_0 POST_SCRIPT_SUCCESS 0 local - 5
1791572030 stage_in_remote_local_0_0 POST_SCRIPT_TERMINATED 4355738.0 local - 4
1791572035 stage_in_remote_local_0_0 POST_SCRIPT_SUCCESS 0 local - 4
1791572040 build_semiraw_ID0000001 SUBMIT 4355740.0 local - 6
1791572040 build_semiraw_ID0000001 EXECUTE 4355740.0 local - 6
1791572042 build_semiraw_ID0000001 JOB_TERMINATED 4355740.0 local - 6
1791572045 build_semiraw_ID0000001 JOB_FAILURE 1 local - 6
1791572045 build_semiraw_ID0000001 POST_SCRIPT_STARTED 4355740.0 local - 6
1791572045 build_semiraw_ID0000001 POST_SCRIPT_TERMINATED 4355740.0 local - 6
1791572050 build_semiraw_ID0000001 POST_SCRIPT_FAILURE 1 local - 6
1791572051 INTERNAL *** DAGMAN_FINISHED 1 ***
1791572052 INTERNAL *** MONITORD_FINISHED 0 ***
1791572314 INTERNAL *** MONITORD_STARTED ***
1791572313 INTERNAL *** DAGMAN_STARTED 4355741.0 ***
1791572314 build_semiraw_ID0000001 SUBMIT 4355742.0 local - 7
1791572318 build_semiraw_ID0000001 EXECUTE 4355742.0 local - 7
1791572346 build_semiraw_ID0000001 JOB_TERMINATED 4355742.0 local - 7
1791572349 build_semiraw_ID0000001 JOB_SUCCESS 0 local - 7
1791572349 build_semiraw_ID0000001 POST_SCRIPT_STARTED 4355742.0 local - 7
1791572349 build_semiraw_ID0000001 POST_SCRIPT_TERMINATED 4355742.0 local - 7
1791572354 build_semiraw_ID0000001 POST_SCRIPT_SUCCESS 0 local - 7
1791572359 clean_up_local_level_3_0 SUBMIT 4355743.0 local - 8
1791572359 stage_out_local_local_0_0 SUBMIT 4355744.0 local - 9
1791572359 clean_up_local_level_3_0 EXECUTE 4355743.0 local - 8
1791572359 compute_references_ID0000002 SUBMIT 4355745.0 local - 10
1791572362 clean_up_local_level_3_0 JOB_TERMINATED 4355743.0 local - 8
1791572364 clean_up_local_level_3_0 JOB_SUCCESS 0 local - 8
1791572364 clean_up_local_level_3_0 POST_SCRIPT_STARTED 4355743.0 local - 8
1791572365 clean_up_local_level_3_0 POST_SCRIPT_TERMINATED 4355743.0 local - 8
1791572369 clean_up_local_level_3_0 POST_SCRIPT_SUCCESS 0 local - 8
1791572365 stage_out_local_local_0_0 EXECUTE 4355744.0 local - 9
1791572365 compute_references_ID0000002 EXECUTE 4355745.0 local - 10
1791572370 stage_out_local_local_0_0 JOB_TERMINATED 4355744.0 local - 9
1791572374 stage_out_local_local_0_0 JOB_SUCCESS 0 local - 9
1791572374 stage_out_local_local_0_0 POST_SCRIPT_STARTED 4355744.0 local - 9
1791572374 stage_out_local_local_0_0 POST_SCRIPT_TERMINATED 4355744.0 local - 9
1791572379 stage_out_local_local_0_0 POST_SCRIPT_SUCCESS 0 local - 9
1791572384 register_local_0_0 SUBMIT 4355746.0 local - 11
1791572384 register_local_0_0 EXECUTE 4355746.0 local - 11
1791572385 register_local_0_0 JOB_TERMINATED 4355746.0 local - 11
1791572389 register_local_0_0 JOB_SUCCESS 0 local - 11
1791572389 register_local_0_0 POST_SCRIPT_STARTED 4355746.0 local - 11
1791572389 register_local_0_0 POST_SCRIPT_TERMINATED 4355746.0 local - 11
1791572394 register_local_0_0 POST_SCRIPT_SUCCESS 0 local - 11
1791572393 compute_references_ID0000002 JOB_TERMINATED 4355745.0 local - 10
1791572394 compute_references_ID0000002 JOB_SUCCESS 0 local - 10
1791572394 compute_references_ID0000002 POST_SCRIPT_STARTED 4355745.0 local - 10
1791572394 compute_references_ID0000002 POST_SCRIPT_TERMINATED 4355745.0 local - 10
1791572399 compute_references_ID0000002 POST_SCRIPT_SUCCESS 0 local - 10
1791572404 clean_up_local_level_4_0 SUBMIT 4355747.0 local - 12
1791572404 stage_out_local_local_1_0 SUBMIT 4355748.0 local - 13
1791572404 clean_up_local_level_4_0 EXECUTE 4355747.0 local - 12
1791572404 samples_tab_ID0000005 SUBMIT 4355749.0 local - 14
1791572404 blanks_tab_ID0000003 SUBMIT 4355750.0 local - 15
1791572404 air_stds_tab_ID0000004 SUBMIT 4355751.0 local - 16
1791572406 clean_up_local_level_4_0 JOB_TERMINATED 4355747.0 local - 12
1791572409 clean_up_local_level_4_0 JOB_SUCCESS 0 local - 12
1791572409 clean_up_local_level_4_0 POST_SCRIPT_STARTED 4355747.0 local - 12
1791572409 stage_out_local_local_1_0 EXECUTE 4355748.0 local - 13
1791572409 samples_tab_ID0000005 EXECUTE 4355749.0 local - 14
1791572409 blanks_tab_ID0000003 EXECUTE 4355750.0 local - 15
1791572409 air_stds_tab_ID0000004 EXECUTE 4355751.0 local - 16
1791572409 clean_up_local_level_4_0 POST_SCRIPT_TERMINATED 4355747.0 local - 12
1791572414 clean_up_local_level_4_0 POST_SCRIPT_SUCCESS 0 local - 12
1791572413 stage_out_local_local_1_0 JOB_TERMINATED 4355748.0 local - 13
1791572414 stage_out_local_local_1_0 JOB_SUCCESS 0 local - 13
1791572414 stage_out_local_local_1_0 POST_SCRIPT_STARTED 4355748.0 local - 13
1791572414 stage_out_local_local_1_0 POST_SCRIPT_TERMINATED 4355748.0 local - 13
1791572419 stage_out_local_local_1_0 POST_SCRIPT_SUCCESS 0 local - 13
1791572424 register_local_1_0 SUBMIT 4355752.0 local - 17
1791572424 register_local_1_0 EXECUTE 4355752.0 local - 17
1791572426 register_local_1_0 JOB_TERMINATED 4355752.0 local - 17
1791572429 register_local_1_0 JOB_SUCCESS 0 local - 17
1791572429 register_local_1_0 POST_SCRIPT_STARTED 4355752.0 local - 17
1791572429 register_local_1_0 POST_SCRIPT_TERMINATED 4355752.0 local - 17
1791572434 register_local_1_0 POST_SCRIPT_SUCCESS 0 local - 17
1791572439 samples_tab_ID0000005 JOB_TERMINATED 4355749.0 local - 14
1791572439 samples_tab_ID0000005 JOB_SUCCESS 0 local - 14
1791572439 samples_tab_ID0000005 POST_SCRIPT_STARTED 4355749.0 local - 14
1791572440 samples_tab_ID0000005 POST_SCRIPT_TERMINATED 4355749.0 local - 14
1791572444 samples_tab_ID0000005 POST_SCRIPT_SUCCESS 0 local - 14
1791572440 air_stds_tab_ID0000004 JOB_TERMINATED 4355751.0 local - 16
1791572444 air_stds_tab_ID0000004 JOB_SUCCESS 0 local - 16
1791572444 air_stds_tab_ID0000004 POST_SCRIPT_STARTED 4355751.0 local - 16
1791572441 blanks_tab_ID0000003 JOB_TERMINATED 4355750.0 local - 15
1791572444 blanks_tab_ID0000003 JOB_SUCCESS 0 local - 15
1791572444 blanks_tab_ID0000003 POST_SCRIPT_STARTED 4355750.0 local - 15
1791572444 air_stds_tab_ID0000004 POST_SCRIPT_TERMINATED 4355751.0 local - 16
1791572449 air_stds_tab_ID0000004 POST_SCRIPT_SUCCESS 0 local - 16
1791572444 blanks_tab_ID0000003 POST_SCRIPT_TERMINATED 4355750.0 local - 15
1791572449 blanks_tab_ID0000003 POST_SCRIPT_SUCCESS 0 local - 15
1791572454 clean_up_local_level_5_0 SUBMIT 4355753.0 local - 18
1791572454 stage_out_local_local_2_0 SUBMIT 4355754.0 local - 19
1791572454 clean_up_local_level_5_0 EXECUTE 4355753.0 local - 18
1791572454 assemble_workbook_ID0000006 SUBMIT 4355755.0 local - 20
1791572459 stage_out_local_local_2_0 EXECUTE 4355754.0 local - 19
1791572459 assemble_workbook_ID0000006 EXECUTE 4355755.0 local - 20
1791572463 stage_out_local_local_2_0 JOB_TERMINATED 4355754.0 local - 19
1791572464 stage_out_local_local_2_0 JOB_SUCCESS 0 local - 19
1791572464 stage_out_local_local_2_0 POST_SCRIPT_STARTED 4355754.0 local - 19
1791572464 stage_out_local_local_2_0 POST_SCRIPT_TERMINATED 4355754.0 local - 19
1791572469 stage_out_local_local_2_0 POST_SCRIPT_SUCCESS 0 local - 19
1791572470 clean_up_local_level_5_0 JOB_TERMINATED 4355753.0 local - 18
1791572474 clean_up_local_level_5_0 JOB_SUCCESS 0 local - 18
1791572474 clean_up_local_level_5_0 POST_SCRIPT_STARTED 4355753.0 local - 18
1791572474 register_local_2_0 SUBMIT 4355756.0 local - 21
1791572474 register_local_2_0 EXECUTE 4355756.0 local - 21
1791572474 clean_up_local_level_5_0 POST_SCRIPT_TERMINATED 4355753.0 local - 18
1791572479 clean_up_local_level_5_0 POST_SCRIPT_SUCCESS 0 local - 18
1791572476 register_local_2_0 JOB_TERMINATED 4355756.0 local - 21
1791572479 register_local_2_0 JOB_SUCCESS 0 local - 21
1791572479 register_local_2_0 POST_SCRIPT_STARTED 4355756.0 local - 21
1791572479 register_local_2_0 POST_SCRIPT_TERMINATED 4355756.0 local - 21
1791572484 register_local_2_0 POST_SCRIPT_SUCCESS 0 local - 21
1791572523 assemble_workbook_ID0000006 JOB_TERMINATED 4355755.0 local - 20
1791572524 assemble_workbook_ID0000006 JOB_SUCCESS 0 local - 20
1791572524 assemble_workbook_ID0000006 POST_SCRIPT_STARTED 4355755.0 local - 20
1791572524 assemble_workbook_ID0000006 POST_SCRIPT_TERMINATED 4355755.0 local - 20
1791572529 assemble_workbook_ID0000006 POST_SCRIPT_SUCCESS 0 local - 20
1791572534 clean_up_local_level_6_0 SUBMIT 4355757.0 local - 22
1791572534 stage_out_local_local_3_0 SUBMIT 4355758.0 local - 23
1791572534 clean_up_local_level_6_0 EXECUTE 4355757.0 local - 22
1791572540 stage_out_local_local_3_0 EXECUTE 4355758.0 local - 23
1791572542 stage_out_local_local_3_0 JOB_TERMINATED 4355758.0 local - 23
1791572544 stage_out_local_local_3_0 JOB_SUCCESS 0 local - 23
1791572544 stage_out_local_local_3_0 POST_SCRIPT_STARTED 4355758.0 local - 23
1791572545 stage_out_local_local_3_0 POST_SCRIPT_TERMINATED 4355758.0 local - 23
1791572549 stage_out_local_local_3_0 POST_SCRIPT_SUCCESS 0 local - 23
1791572549 clean_up_local_level_6_0 JOB_TERMINATED 4355757.0 local - 22
1791572554 clean_up_local_level_6_0 JOB_SUCCESS 0 local - 22
1791572554 clean_up_local_level_6_0 POST_SCRIPT_STARTED 4355757.0 local - 22
1791572554 clean_up_local_level_7_0 SUBMIT 4355759.0 local - 24
1791572554 register_local_3_0 SUBMIT 4355760.0 local - 25
1791572554 clean_up_local_level_7_0 EXECUTE 4355759.0 local - 24
1791572554 clean_up_local_level_6_0 POST_SCRIPT_TERMINATED 4355757.0 local - 22
1791572559 clean_up_local_level_6_0 POST_SCRIPT_SUCCESS 0 local - 22
1791572556 clean_up_local_level_7_0 JOB_TERMINATED 4355759.0 local - 24
1791572559 clean_up_local_level_7_0 JOB_SUCCESS 0 local - 24
1791572559 clean_up_local_level_7_0 POST_SCRIPT_STARTED 4355759.0 local - 24
1791572559 clean_up_local_level_7_0 POST_SCRIPT_TERMINATED 4355759.0 local - 24
1791572564 clean_up_local_level_7_0 POST_SCRIPT_SUCCESS 0 local - 24
1791572560 register_local_3_0 EXECUTE 4355760.0 local - 25
1791572561 register_local_3_0 JOB_TERMINATED 4355760.0 local - 25
1791572564 register_local_3_0 JOB_SUCCESS 0 local - 25
1791572564 register_local_3_0 POST_SCRIPT_STARTED 4355760.0 local - 25
1791572564 register_local_3_0 POST_SCRIPT_TERMINATED 4355760.0 local - 25
1791572569 register_local_3_0 POST_SCRIPT_SUCCESS 0 local - 25
1791572569 cleanup_noble-gas-reduction_0_local SUBMIT 4355761.0 local - 26
1791572569 cleanup_noble-gas-reduction_0_local EXECUTE 4355761.0 local - 26
1791572571 cleanup_noble-gas-reduction_0_local JOB_TERMINATED 4355761.0 local - 26
1791572574 cleanup_noble-gas-reduction_0_local JOB_SUCCESS 0 local - 26
1791572574 cleanup_noble-gas-reduction_0_local POST_SCRIPT_STARTED 4355761.0 local - 26
1791572574 cleanup_noble-gas-reduction_0_local POST_SCRIPT_TERMINATED 4355761.0 local - 26
1791572579 cleanup_noble-gas-reduction_0_local POST_SCRIPT_SUCCESS 0 local - 26
1791572579 INTERNAL *** DAGMAN_FINISHED 0 ***
1791572581 INTERNAL *** MONITORD_FINISHED 0 ***
