1791582844 INTERNAL *** MONITORD_STARTED ***
1791582843 INTERNAL *** DAGMAN_STARTED 4355769.0 ***
1791582844 create_dir_noble-gas-reduction_0_local SUBMIT 4355770.0 local - 1
1791582848 create_dir_noble-gas-reduction_0_local EXECUTE 4355770.0 local - 1
1791582850 create_dir_noble-gas-reduction_0_local JOB_TERMINATED 4355770.0 local - 1
1791582854 create_dir_noble-gas-reduction_0_local JOB_SUCCESS 0 local - 1
1791582854 create_dir_noble-gas-reduction_0_local POST_SCRIPT_STARTED 4355770.0 local - 1
1791582854 create_dir_noble-gas-reduction_0_local POST_SCRIPT_TERMINATED 4355770.0 local - 1
1791582859 create_dir_noble-gas-reduction_0_local POST_SCRIPT_SUCCESS 0 local - 1
1791582864 stage_in_remote_local_2_0 SUBMIT 4355771.0 local - 2
1791582864 stage_in_remote_local_1_0 SUBMIT 4355772.0 local - 3
1791582864 stage_in_remote_local_2_0 EXECUTE 4355771.0 local - 2
1791582864 stage_in_remote_local_0_0 SUBMIT 4355773.0 local - 4
1791582864 stage_in_remote_local_3_0 SUBMIT 4355774.0 local - 5
1791582868 stage_in_remote_local_2_0 JOB_TERMINATED 4355771.0 local - 2
1791582869 stage_in_remote_local_2_0 JOB_SUCCESS 0 local - 2
1791582869 stage_in_remote_local_2_0 POST_SCRIPT_STARTED 4355771.0 local - 2
1791582869 stage_in_remote_local_2_0 POST_SCRIPT_TERMINATED 4355771.0 local - 2
1791582874 stage_in_remote_local_2_0 POST_SCRIPT_SUCCESS 0 local - 2
1791582869 stage_in_remote_local_1_0 EXECUTE 4355772.0 local - 3
1791582869 stage_in_remote_local_0_0 EXECUTE 4355773.0 local - 4
1791582869 stage_in_remote_local_3_0 EXECUTE 4355774.0 local - 5
1791582871 stage_in_remote_local_1_0 JOB_TERMINATED 4355772.0 local - 3
1791582874 stage_in_remote_local_1_0 JOB_SUCCESS 0 local - 3
1791582874 stage_in_remote_local_1_0 POST_SCRIPT_STARTED 4355772.0 local - 3
1791582871 stage_in_remote_local_3_0 JOB_TERMINATED 4355774.0 local - 5
1791582874 stage_in_remote_local_3_0 JOB_SUCCESS 0 local - 5
1791582874 stage_in_remote_local_3_0 POST_SCRIPT_STARTED 4355774.0 local - 5
1791582873 stage_in_remote_local_0_0 JOB_TERMINATED 4355773.0 local - 4
1791582874 stage_in_remote_local_0_0 JOB_SUCCESS 0 local - 4
1791582874 stage_in_remote_local_0_0 POST_SCRIPT_STARTED 4355773.0 local - 4
1791582874 stage_in_remote_local_3_0 POST_SCRIPT_TERMINATED 4355774.0 local - 5
1791582879 stage_in_remote_local_3_0 POST_SCRIPT_SUCCESS 0 local - 5
1791582874 stage_in_remote_local_0_0 POST_SCRIPT_TERMINATED 4355773.0 local - 4
1791582879 stage_in_remote_local_0_0 POST_SCRIPT_SUCCESS 0 local - 4
1791582874 stage_in_remote_local_1_0 POST_SCRIPT_TERMINATED 4355772.0 local - 3
1791582879 stage_in_remote_local_1_0 POST_SCRIPT_SUCCESS 0 local - 3
1791582884 build_semiraw_ID0000001 SUBMIT 4355777.0 local - 6
1791582885 build_semiraw_ID0000001 EXECUTE 4355777.0 local - 6
1791582916 build_semiraw_ID0000001 JOB_TERMINATED 4355777.0 local - 6
1791582919 build_semiraw_ID0000001 JOB_SUCCESS 0 local - 6
1791582919 build_semiraw_ID0000001 POST_SCRIPT_STARTED 4355777.0 local - 6
1791582919 build_semiraw_ID0000001 POST_SCRIPT_TERMINATED 4355777.0 local - 6
1791582924 build_semiraw_ID0000001 POST_SCRIPT_SUCCESS 0 local - 6
1791582929 clean_up_local_level_3_0 SUBMIT 4355783.0 local - 7
1791582929 stage_out_local_local_0_0 SUBMIT 4355784.0 local - 8
1791582929 clean_up_local_level_3_0 EXECUTE 4355783.0 local - 7
1791582929 compute_references_ID0000002 SUBMIT 4355785.0 local - 9
1791582932 clean_up_local_level_3_0 JOB_TERMINATED 4355783.0 local - 7
1791582934 clean_up_local_level_3_0 JOB_SUCCESS 0 local - 7
1791582934 clean_up_local_level_3_0 POST_SCRIPT_STARTED 4355783.0 local - 7
1791582935 clean_up_local_level_3_0 POST_SCRIPT_TERMINATED 4355783.0 local - 7
1791582939 clean_up_local_level_3_0 POST_SCRIPT_SUCCESS 0 local - 7
1791582935 stage_out_local_local_0_0 EXECUTE 4355784.0 local - 8
1791582935 compute_references_ID0000002 EXECUTE 4355785.0 local - 9
1791582939 stage_out_local_local_0_0 JOB_TERMINATED 4355784.0 local - 8
1791582944 stage_out_local_local_0_0 JOB_SUCCESS 0 local - 8
1791582944 stage_out_local_local_0_0 POST_SCRIPT_STARTED 4355784.0 local - 8
1791582944 stage_out_local_local_0_0 POST_SCRIPT_TERMINATED 4355784.0 local - 8
1791582949 stage_out_local_local_0_0 POST_SCRIPT_SUCCESS 0 local - 8
1791582954 register_local_0_0 SUBMIT 4355786.0 local - 10
1791582954 register_local_0_0 EXECUTE 4355786.0 local - 10
1791582955 register_local_0_0 JOB_TERMINATED 4355786.0 local - 10
1791582959 register_local_0_0 JOB_SUCCESS 0 local - 10
1791582959 register_local_0_0 POST_SCRIPT_STARTED 4355786.0 local - 10
1791582959 register_local_0_0 POST_SCRIPT_TERMINATED 4355786.0 local - 10
1791582964 register_local_0_0 POST_SCRIPT_SUCCESS 0 local - 10
1791582961 compute_references_ID0000002 JOB_TERMINATED 4355785.0 local - 9
1791582964 compute_references_ID0000002 JOB_SUCCESS 0 local - 9
1791582964 compute_references_ID0000002 POST_SCRIPT_STARTED 4355785.0 local - 9
1791582964 compute_references_ID0000002 POST_SCRIPT_TERMINATED 4355785.0 local - 9
1791582969 compute_references_ID0000002 POST_SCRIPT_SUCCESS 0 local - 9
1791582974 clean_up_local_level_4_0 SUBMIT 4355790.0 local - 11
1791582974 stage_out_local_local_1_0 SUBMIT 4355791.0 local - 12
1791582974 clean_up_local_level_4_0 EXECUTE 4355790.0 local - 11
1791582974 samples_tab_ID0000005 SUBMIT 4355792.0 local - 13
1791582974 blanks_tab_ID0000003 SUBMIT 4355793.0 local - 14
1791582974 air_stds_tab_ID0000004 SUBMIT 4355794.0 local - 15
1791582976 clean_up_local_level_4_0 JOB_TERMINATED 4355790.0 local - 11
1791582979 clean_up_local_level_4_0 JOB_SUCCESS 0 local - 11
1791582979 clean_up_local_level_4_0 POST_SCRIPT_STARTED 4355790.0 local - 11
1791582979 clean_up_local_level_4_0 POST_SCRIPT_TERMINATED 4355790.0 local - 11
1791582984 clean_up_local_level_4_0 POST_SCRIPT_SUCCESS 0 local - 11
1791582981 stage_out_local_local_1_0 EXECUTE 4355791.0 local - 12
1791582981 samples_tab_ID0000005 EXECUTE 4355792.0 local - 13
1791582981 blanks_tab_ID0000003 EXECUTE 4355793.0 local - 14
1791582981 air_stds_tab_ID0000004 EXECUTE 4355794.0 local - 15
1791582985 stage_out_local_local_1_0 JOB_TERMINATED 4355791.0 local - 12
1791582989 stage_out_local_local_1_0 JOB_SUCCESS 0 local - 12
1791582989 stage_out_local_local_1_0 POST_SCRIPT_STARTED 4355791.0 local - 12
1791582989 stage_out_local_local_1_0 POST_SCRIPT_TERMINATED 4355791.0 local - 12
1791582994 stage_out_local_local_1_0 POST_SCRIPT_SUCCESS 0 local - 12
1791582999 register_local_1_0 SUBMIT 4355801.0 local - 16
1791583001 register_local_1_0 EXECUTE 4355801.0 local - 16
1791583004 register_local_1_0 JOB_TERMINATED 4355801.0 local - 16
1791583004 register_local_1_0 JOB_SUCCESS 0 local - 16
1791583004 register_local_1_0 POST_SCRIPT_STARTED 4355801.0 local - 16
1791583005 register_local_1_0 POST_SCRIPT_TERMINATED 4355801.0 local - 16
1791583009 register_local_1_0 POST_SCRIPT_SUCCESS 0 local - 16
1791583010 air_stds_tab_ID0000004 JOB_TERMINATED 4355794.0 local - 15
1791583014 air_stds_tab_ID0000004 JOB_SUCCESS 0 local - 15
1791583014 air_stds_tab_ID0000004 POST_SCRIPT_STARTED 4355794.0 local - 15
1791583012 blanks_tab_ID0000003 JOB_TERMINATED 4355793.0 local - 14
1791583014 blanks_tab_ID0000003 JOB_SUCCESS 0 local - 14
1791583014 blanks_tab_ID0000003 POST_SCRIPT_STARTED 4355793.0 local - 14
1791583013 samples_tab_ID0000005 JOB_TERMINATED 4355792.0 local - 13
1791583014 samples_tab_ID0000005 JOB_SUCCESS 0 local - 13
1791583014 samples_tab_ID0000005 POST_SCRIPT_STARTED 4355792.0 local - 13
1791583014 air_stds_tab_ID0000004 POST_SCRIPT_TERMINATED 4355794.0 local - 15
1791583019 air_stds_tab_ID0000004 POST_SCRIPT_SUCCESS 0 local - 15
1791583014 samples_tab_ID0000005 POST_SCRIPT_TERMINATED 4355792.0 local - 13
1791583019 samples_tab_ID0000005 POST_SCRIPT_SUCCESS 0 local - 13
1791583014 blanks_tab_ID0000003 POST_SCRIPT_TERMINATED 4355793.0 local - 14
1791583019 blanks_tab_ID0000003 POST_SCRIPT_SUCCESS 0 local - 14
1791583024 clean_up_local_level_5_0 SUBMIT 4355803.0 local - 17
1791583024 stage_out_local_local_2_0 SUBMIT 4355804.0 local - 18
1791583024 clean_up_local_level_5_0 EXECUTE 4355803.0 local - 17
1791583024 assemble_workbook_ID0000006 SUBMIT 4355805.0 local - 19
1791583029 stage_out_local_local_2_0 EXECUTE 4355804.0 local - 18
1791583029 assemble_workbook_ID0000006 EXECUTE 4355805.0 local - 19
1791583033 stage_out_local_local_2_0 JOB_TERMINATED 4355804.0 local - 18
1791583034 stage_out_local_local_2_0 JOB_SUCCESS 0 local - 18
1791583034 stage_out_local_local_2_0 POST_SCRIPT_STARTED 4355804.0 local - 18
1791583034 stage_out_local_local_2_0 POST_SCRIPT_TERMINATED 4355804.0 local - 18
1791583039 stage_out_local_local_2_0 POST_SCRIPT_SUCCESS 0 local - 18
1791583040 clean_up_local_level_5_0 JOB_TERMINATED 4355803.0 local - 17
1791583044 clean_up_local_level_5_0 JOB_SUCCESS 0 local - 17
1791583044 clean_up_local_level_5_0 POST_SCRIPT_STARTED 4355803.0 local - 17
1791583044 register_local_2_0 SUBMIT 4355806.0 local - 20
1791583044 register_local_2_0 EXECUTE 4355806.0 local - 20
1791583044 clean_up_local_level_5_0 POST_SCRIPT_TERMINATED 4355803.0 local - 17
1791583049 clean_up_local_level_5_0 POST_SCRIPT_SUCCESS 0 local - 17
1791583045 register_local_2_0 JOB_TERMINATED 4355806.0 local - 20
1791583049 register_local_2_0 JOB_SUCCESS 0 local - 20
1791583049 register_local_2_0 POST_SCRIPT_STARTED 4355806.0 local - 20
1791583049 register_local_2_0 POST_SCRIPT_TERMINATED 4355806.0 local - 20
1791583054 register_local_2_0 POST_SCRIPT_SUCCESS 0 local - 20
1791583085 assemble_workbook_ID0000006 JOB_TERMINATED 4355805.0 local - 19
1791583089 assemble_workbook_ID0000006 JOB_SUCCESS 0 local - 19
1791583089 assemble_workbook_ID0000006 POST_SCRIPT_STARTED 4355805.0 local - 19
1791583089 assemble_workbook_ID0000006 POST_SCRIPT_TERMINATED 4355805.0 local - 19
1791583094 assemble_workbook_ID0000006 POST_SCRIPT_SUCCESS 0 local - 19
1791583099 clean_up_local_level_6_0 SUBMIT 4355811.0 local - 21
1791583099 stage_out_local_local_3_0 SUBMIT 4355812.0 local - 22
1791583099 clean_up_local_level_6_0 EXECUTE 4355811.0 local - 21
1791583105 stage_out_local_local_3_0 EXECUTE 4355812.0 local - 22
1791583107 stage_out_local_local_3_0 JOB_TERMINATED 4355812.0 local - 22
1791583109 stage_out_local_local_3_0 JOB_SUCCESS 0 local - 22
1791583109 stage_out_local_local_3_0 POST_SCRIPT_STARTED 4355812.0 local - 22
1791583110 stage_out_local_local_3_0 POST_SCRIPT_TERMINATED 4355812.0 local - 22
1791583114 stage_out_local_local_3_0 POST_SCRIPT_SUCCESS 0 local - 22
1791583116 clean_up_local_level_6_0 JOB_TERMINATED 4355811.0 local - 21
1791583119 clean_up_local_level_6_0 JOB_SUCCESS 0 local - 21
1791583119 clean_up_local_level_6_0 POST_SCRIPT_STARTED 4355811.0 local - 21
1791583119 clean_up_local_level_7_0 SUBMIT 4355815.0 local - 23
1791583119 register_local_3_0 SUBMIT 4355816.0 local - 24
1791583119 clean_up_local_level_6_0 POST_SCRIPT_TERMINATED 4355811.0 local - 21
1791583124 clean_up_local_level_6_0 POST_SCRIPT_SUCCESS 0 local - 21
1791583122 clean_up_local_level_7_0 EXECUTE 4355815.0 local - 23
1791583122 register_local_3_0 EXECUTE 4355816.0 local - 24
1791583123 register_local_3_0 JOB_TERMINATED 4355816.0 local - 24
1791583124 register_local_3_0 JOB_SUCCESS 0 local - 24
1791583124 register_local_3_0 POST_SCRIPT_STARTED 4355816.0 local - 24
1791583124 register_local_3_0 POST_SCRIPT_TERMINATED 4355816.0 local - 24
1791583129 register_local_3_0 POST_SCRIPT_SUCCESS 0 local - 24
1791583124 clean_up_local_level_7_0 JOB_TERMINATED 4355815.0 local - 23
1791583129 clean_up_local_level_7_0 JOB_SUCCESS 0 local - 23
1791583129 clean_up_local_level_7_0 POST_SCRIPT_STARTED 4355815.0 local - 23
1791583129 clean_up_local_level_7_0 POST_SCRIPT_TERMINATED 4355815.0 local - 23
1791583134 clean_up_local_level_7_0 POST_SCRIPT_SUCCESS 0 local - 23
1791583139 cleanup_noble-gas-reduction_0_local SUBMIT 4355819.0 local - 25
1791583142 cleanup_noble-gas-reduction_0_local EXECUTE 4355819.0 local - 25
1791583144 cleanup_noble-gas-reduction_0_local JOB_TERMINATED 4355819.0 local - 25
1791583149 cleanup_noble-gas-reduction_0_local JOB_SUCCESS 0 local - 25
1791583149 cleanup_noble-gas-reduction_0_local POST_SCRIPT_STARTED 4355819.0 local - 25
1791583149 cleanup_noble-gas-reduction_0_local POST_SCRIPT_TERMINATED 4355819.0 local - 25
1791583154 cleanup_noble-gas-reduction_0_local POST_SCRIPT_SUCCESS 0 local - 25
1791583154 INTERNAL *** DAGMAN_FINISHED 0 ***
1791583155 INTERNAL *** MONITORD_FINISHED 0 ***
