{"name": ".//00/00/create_dir_noble-gas-reduction_0_local.out", "timestamp": "2026-10-09T21:54:14.299047", "exitcode": 0, "app_exitcode": 0, "retry": 0, "job_retry": 0, "std_out": "", "std_err": ""}
{"name": ".//00/00/stage_in_remote_local_2_0.out", "timestamp": "2026-10-09T21:54:29.529154", "exitcode": 0, "app_exitcode": 0, "retry": 0, "job_retry": 0, "std_out": "", "std_err": ""}
{"name": ".//00/00/stage_in_remote_local_3_0.out", "timestamp": "2026-10-09T21:54:34.657490", "exitcode": 0, "app_exitcode": 0, "retry": 0, "job_retry": 0, "std_out": "", "std_err": ""}
{"name": ".//00/00/stage_in_remote_local_0_0.out", "timestamp": "2026-10-09T21:54:34.660201", "exitcode": 0, "app_exitcode": 0, "retry": 0, "job_retry": 0, "std_out": "", "std_err": ""}
{"name": ".//00/00/stage_in_remote_local_1_0.out", "timestamp": "2026-10-09T21:54:34.662181", "exitcode": 0, "app_exitcode": 0, "retry": 0, "job_retry": 0, "std_out": "", "std_err": ""}
{"name": ".//00/00/build_semiraw_ID0000001.out", "timestamp": "2026-10-09T21:55:19.841723", "exitcode": 0, "app_exitcode": 0, "retry": 0, "job_retry": 0, "std_out": "", "std_err": ""}
{"name": ".//00/00/clean_up_local_level_3_0.out", "timestamp": "2026-10-09T21:55:35.055052", "exitcode": 0, "app_exitcode": 0, "retry": 0, "job_retry": 0, "std_out": "", "std_err": ""}
{"name": ".//00/00/stage_out_local_local_0_0.out", "timestamp": "2026-10-09T21:55:44.182847", "exitcode": 0, "app_exitcode": 0, "retry": 0, "job_retry": 0, "std_out": "", "std_err": ""}
{"name": ".//00/00/register_local_0_0.out", "timestamp": "2026-10-09T21:55:59.333999", "exitcode": 0, "app_exitcode": 0, "retry": 0, "job_retry": 0, "std_out": "", "std_err": ""}
{"name": ".//00/00/compute_references_ID0000002.out", "timestamp": "2026-10-09T21:56:04.462067", "exitcode": 0, "app_exitcode": 0, "retry": 0, "job_retry": 0, "std_out": "", "std_err": ""}
{"name": ".//00/00/clean_up_local_level_4_0.out", "timestamp": "2026-10-09T21:56:19.722127", "exitcode": 0, "app_exitcode": 0, "retry": 0, "job_retry": 0, "std_out": "", "std_err": ""}
{"name": ".//00/00/stage_out_local_local_1_0.out", "timestamp": "2026-10-09T21:56:29.854008", "exitcode": 0, "app_exitcode": 0, "retry": 0, "job_retry": 0, "std_out": "", "std_err": ""}
{"name": ".//00/00/register_local_1_0.out", "timestamp": "2026-10-09T21:56:45.020662", "exitcode": 0, "app_exitcode": 0, "retry": 0, "job_retry": 0, "std_out": "", "std_err": ""}
{"name": ".//00/00/air_stds_tab_ID0000004.out", "timestamp": "2026-10-09T21:56:54.154245", "exitcode": 0, "app_exitcode": 0, "retry": 0, "job_retry": 0, "std_out": "", "std_err": ""}
{"name": ".//00/00/samples_tab_ID0000005.out", "timestamp": "2026-10-09T21:56:54.157748", "exitcode": 0, "app_exitcode": 0, "retry": 0, "job_retry": 0, "std_out": "", "std_err": ""}
{"name": ".//00/00/blanks_tab_ID0000003.out", "timestamp": "2026-10-09T21:56:54.166379", "exitcode": 0, "app_exitcode": 0, "retry": 0, "job_retry": 0, "std_out": "", "std_err": ""}
{"name": ".//00/00/stage_out_local_local_2_0.out", "timestamp": "2026-10-09T21:57:14.408701", "exitcode": 0, "app_exitcode": 0, "retry": 0, "job_retry": 0, "std_out": "", "std_err": ""}
{"name": ".//00/00/clean_up_local_level_5_0.out", "timestamp": "2026-10-09T21:57:24.576560", "exitcode": 0, "app_exitcode": 0, "retry": 0, "job_retry": 0, "std_out": "", "std_err": ""}
{"name": ".//00/00/register_local_2_0.out", "timestamp": "2026-10-09T21:57:29.704539", "exitcode": 0, "app_exitcode": 0, "retry": 0, "job_retry": 0, "std_out": "", "std_err": ""}
{"name": ".//00/00/assemble_workbook_ID0000006.out", "timestamp": "2026-10-09T21:58:09.864630", "exitcode": 0, "app_exitcode": 0, "retry": 0, "job_retry": 0, "std_out": "", "std_err": ""}
{"name": ".//00/00/stage_out_local_local_3_0.out", "timestamp": "2026-10-09T21:58:30.077834", "exitcode": 0, "app_exitcode": 0, "retry": 0, "job_retry": 0, "std_out": "", "std_err": ""}
{"name": ".//00/00/clean_up_local_level_6_0.out", "timestamp": "2026-10-09T21:58:39.232712", "exitcode": 0, "app_exitcode": 0, "retry": 0, "job_retry": 0, "std_out": "", "std_err": ""}
{"name": ".//00/00/register_local_3_0.out", "timestamp": "2026-10-09T21:58:44.349463", "exitcode": 0, "app_exitcode": 0, "retry": 0, "job_retry": 0, "std_out": "", "std_err": ""}
{"name": ".//00/00/clean_up_local_level_7_0.out", "timestamp": "2026-10-09T21:58:49.470455", "exitcode": 0, "app_exitcode": 0, "retry": 0, "job_retry": 0, "std_out": "", "std_err": ""}
{"name": ".//00/00/cleanup_noble-gas-reduction_0_local.out", "timestamp": "2026-10-09T21:59:09.631299", "exitcode": 0, "app_exitcode": 0, "retry": 0, "job_retry": 0, "std_out": "", "std_err": ""}
