2026-10-09 21:41:32,399:INFO:pegasus-monitord(65): pegasus-monitord starting - pid 3713108 
2026-10-09 21:41:32,404:INFO:pegasus-monitord(463): Final Command line options are: ['-N', 'noble-gas-reduction-0.dag.dagman.out']
2026-10-09 21:41:32,405:INFO:Pegasus.monitoring.event_output.MultiplexEventSink(507): Multiplexed Event Sink Connection Properties  {'amqp.url': 'amqp://friend:donatedata@msgs.pegasus.isi.edu:5672/prod/workflows', 'default.url': 'sqlite:////home/vsaiadian/Hotsprings/workflow/work/vsaiadian/pegasus/noble-gas-reduction/run0002/noble-gas-reduction-0.stampede.db'}
2026-10-09 21:41:32,405:INFO:Pegasus.monitoring.event_output(628): Connecting workflow event sink to amqp://friend:donatedata@msgs.pegasus.isi.edu:5672/prod/workflows
2026-10-09 21:41:32,405:INFO:Pegasus.monitoring.event_output.AMQPEventSink(323): Encoder used <function json_encode at 0x7f8c0d4480d0> Properties received {'url': 'amqp://friend:donatedata@msgs.pegasus.isi.edu:5672/prod/workflows'}
2026-10-09 21:41:32,406:INFO:Pegasus.monitoring.event_output.AMQPEventSink(375): Connecting to host: msgs.pegasus.isi.edu:5672 virtual host: prod exchange: workflows with user: friend ssl: False
2026-10-09 21:41:32,407:INFO:Pegasus.monitoring.event_output(702): output type=AMQP namespace=stampede. name=msgs.pegasus.isi.edu:5672//prod/workflows
2026-10-09 21:41:32,407:INFO:Pegasus.monitoring.event_output(628): Connecting workflow event sink to sqlite:////home/vsaiadian/Hotsprings/workflow/work/vsaiadian/pegasus/noble-gas-reduction/run0002/noble-gas-reduction-0.stampede.db
Pegasus database was successfully created.
2026-10-09 21:41:32,471:INFO:pika.adapters.utils.connection_workflow(179): Pika version 1.3.1 connecting to ('128.9.46.112', 5672)
2026-10-09 21:41:32,532:INFO:pika.adapters.utils.io_services_utils(345): Socket connected: <socket.socket fd=7, family=AddressFamily.AF_INET, type=2049, proto=6, laddr=('10.1.214.25', 41436), raddr=('128.9.46.112', 5672)>
2026-10-09 21:41:32,533:INFO:pika.adapters.utils.connection_workflow(428): Streaming transport linked up: (<pika.adapters.utils.io_services_utils._AsyncPlaintextTransport object at 0x7f8c0d36b4e0>, _StreamingProtocolShim: <SelectConnection PROTOCOL transport=<pika.adapters.utils.io_services_utils._AsyncPlaintextTransport object at 0x7f8c0d36b4e0> params=<ConnectionParameters host=msgs.pegasus.isi.edu port=5672 virtual_host=prod ssl=False>>).
2026-10-09 21:41:32,714:INFO:pika.adapters.utils.connection_workflow(293): AMQPConnector - reporting success: <SelectConnection OPEN transport=<pika.adapters.utils.io_services_utils._AsyncPlaintextTransport object at 0x7f8c0d36b4e0> params=<ConnectionParameters host=msgs.pegasus.isi.edu port=5672 virtual_host=prod ssl=False>>
2026-10-09 21:41:32,715:INFO:pika.adapters.utils.connection_workflow(725): AMQPConnectionWorkflow - reporting success: <SelectConnection OPEN transport=<pika.adapters.utils.io_services_utils._AsyncPlaintextTransport object at 0x7f8c0d36b4e0> params=<ConnectionParameters host=msgs.pegasus.isi.edu port=5672 virtual_host=prod ssl=False>>
2026-10-09 21:41:32,715:INFO:pika.adapters.blocking_connection(454): Connection workflow succeeded: <SelectConnection OPEN transport=<pika.adapters.utils.io_services_utils._AsyncPlaintextTransport object at 0x7f8c0d36b4e0> params=<ConnectionParameters host=msgs.pegasus.isi.edu port=5672 virtual_host=prod ssl=False>>
2026-10-09 21:41:32,715:INFO:pika.adapters.blocking_connection(1264): Created channel=1
Database version: '5.1.3' (sqlite:////home/vsaiadian/Hotsprings/workflow/work/vsaiadian/pegasus/noble-gas-reduction/run0002/noble-gas-reduction-0.stampede.db)
2026-10-09 21:41:33,105:INFO:Pegasus.monitoring.event_output(702): output type=DB namespace=stampede. name=sqlite:////home/vsaiadian/Hotsprings/workflow/work/vsaiadian/pegasus/noble-gas-reduction/run0002/noble-gas-reduction-0.stampede.db
2026-10-09 21:41:33,105:INFO:Pegasus.monitoring.event_output(628): Connecting workflow event sink to sqlite:////home/vsaiadian/.pegasus/workflow.db
Database version: '5.1.3' (sqlite:////home/vsaiadian/.pegasus/workflow.db)
2026-10-09 21:41:33,298:INFO:Pegasus.monitoring.event_output(702): output type=DB namespace=dashboard. name=sqlite:////home/vsaiadian/.pegasus/workflow.db
2026-10-09 21:41:33,298:INFO:pegasus-monitord(1258): monitord started in fast start mode
2026-10-09 21:41:33,310:INFO:Pegasus.monitoring.workflow(460): cannot open state file /home/vsaiadian/Hotsprings/workflow/work/vsaiadian/pegasus/noble-gas-reduction/run0002/monitord.info, continuing without state...
2026-10-09 21:41:33,310:INFO:Pegasus.monitoring.workflow(1151): creating new file /home/vsaiadian/Hotsprings/workflow/work/vsaiadian/pegasus/noble-gas-reduction/run0002/jobstate.log
2026-10-09 21:41:33,310:INFO:Pegasus.monitoring.workflow(1161): Appending to existing jobstate.log replay_mode 0 previous_processed_line 0
2026-10-09 21:41:33,310:INFO:Pegasus.monitoring.notifications(472): loading notifications from /home/vsaiadian/Hotsprings/workflow/work/vsaiadian/pegasus/noble-gas-reduction/run0002/noble-gas-reduction-0.notify
2026-10-09 21:41:34,267:INFO:Pegasus.monitoring.workflow(204): Parsing DAG file /home/vsaiadian/Hotsprings/workflow/work/vsaiadian/pegasus/noble-gas-reduction/run0002/noble-gas-reduction-0.dag
2026-10-09 21:41:34,267:INFO:pegasus-monitord(987): Using DAGMan version 25.14.1 251401
2026-10-09 21:41:34,270:INFO:pegasus-monitord(968): using dag noble-gas-reduction-0.dag
2026-10-09 21:41:34,270:INFO:Pegasus.monitoring.workflow(810): DAGMan starting with condor id 4355762.0
2026-10-09 21:41:34,282:INFO:pegasus-monitord(1067): time stamp format not recognized
2026-10-09 21:41:34,282:INFO:pegasus-monitord(1067): time stamp format not recognized
2026-10-09 21:41:34,282:INFO:pegasus-monitord(1067): time stamp format not recognized
2026-10-09 21:41:53,504:INFO:pegasus-monitord(1067): time stamp format not recognized
2026-10-09 21:41:53,504:INFO:pegasus-monitord(1067): time stamp format not recognized
2026-10-09 21:41:53,505:INFO:pegasus-monitord(1067): time stamp format not recognized
2026-10-09 21:41:53,505:INFO:pegasus-monitord(1067): time stamp format not recognized
2026-10-09 21:41:53,505:INFO:pegasus-monitord(1067): time stamp format not recognized
2026-10-09 21:41:53,505:INFO:pegasus-monitord(1067): time stamp format not recognized
2026-10-09 21:41:53,505:INFO:pegasus-monitord(1067): time stamp format not recognized
2026-10-09 21:41:53,506:INFO:pegasus-monitord(1067): time stamp format not recognized
2026-10-09 21:42:13,697:INFO:pegasus-monitord(1067): time stamp format not recognized
2026-10-09 21:42:23,732:INFO:pegasus-monitord(940): DAGMan noble-gas-reduction-0.dag finished with exit code 1
2026-10-09 21:42:24,751:INFO:pegasus-monitord(1438): workflow /home/vsaiadian/Hotsprings/workflow/work/vsaiadian/pegasus/noble-gas-reduction/run0002/noble-gas-reduction-0.dag.dagman.out ended
2026-10-09 21:42:24,752:INFO:Pegasus.monitoring.workflow(1381): recovery file deleted: /home/vsaiadian/Hotsprings/workflow/work/vsaiadian/pegasus/noble-gas-reduction/run0002/monitord.recover
2026-10-09 21:42:24,752:INFO:pegasus-monitord(1676): finishing workflow: /home/vsaiadian/Hotsprings/workflow/work/vsaiadian/pegasus/noble-gas-reduction/run0002/noble-gas-reduction-0.dag.dagman.out
2026-10-09 21:42:24,752:INFO:pegasus-monitord(1730): finishing notifications...
2026-10-09 21:42:24,752:INFO:pegasus-monitord(1738): monitord process 3713108 exiting with 0
2026-10-09 21:42:24,754:INFO:pegasus-monitord(205): DB flushing beginning
2026-10-09 21:42:28,760:INFO:pika.adapters.blocking_connection(802): Closing connection (200): Normal shutdown
2026-10-09 21:42:28,761:INFO:pika.channel(537): Closing channel (200): 'Normal shutdown' on <Channel number=1 OPEN conn=<SelectConnection OPEN transport=<pika.adapters.utils.io_services_utils._AsyncPlaintextTransport object at 0x7f8c0d36b4e0> params=<ConnectionParameters host=msgs.pegasus.isi.edu port=5672 virtual_host=prod ssl=False>>>
2026-10-09 21:42:28,821:INFO:pika.channel(1133): Received <Channel.CloseOk> on <Channel number=1 CLOSING conn=<SelectConnection OPEN transport=<pika.adapters.utils.io_services_utils._AsyncPlaintextTransport object at 0x7f8c0d36b4e0> params=<ConnectionParameters host=msgs.pegasus.isi.edu port=5672 virtual_host=prod ssl=False>>>
2026-10-09 21:42:28,821:INFO:pika.connection(1318): Closing connection (200): 'Normal shutdown'
2026-10-09 21:42:28,881:INFO:pika.adapters.utils.io_services_utils(732): Aborting transport connection: state=1; <socket.socket fd=7, family=AddressFamily.AF_INET, type=2049, proto=6, laddr=('10.1.214.25', 41436), raddr=('128.9.46.112', 5672)>
2026-10-09 21:42:28,881:INFO:pika.adapters.utils.io_services_utils(907): _AsyncTransportBase._initate_abort(): Initiating abrupt asynchronous transport shutdown: state=1; error=None; <socket.socket fd=7, family=AddressFamily.AF_INET, type=2049, proto=6, laddr=('10.1.214.25', 41436), raddr=('128.9.46.112', 5672)>
2026-10-09 21:42:28,881:INFO:pika.adapters.utils.io_services_utils(870): Deactivating transport: state=1; <socket.socket fd=7, family=AddressFamily.AF_INET, type=2049, proto=6, laddr=('10.1.214.25', 41436), raddr=('128.9.46.112', 5672)>
2026-10-09 21:42:28,881:INFO:pika.connection(2022): AMQP stack terminated, failed to connect, or aborted: opened=True, error-arg=None; pending-error=ConnectionClosedByClient: (200) 'Normal shutdown'
2026-10-09 21:42:28,881:INFO:pika.connection(2088): Stack terminated due to ConnectionClosedByClient: (200) 'Normal shutdown'
2026-10-09 21:42:28,882:INFO:pika.adapters.utils.io_services_utils(883): Closing transport socket and unlinking: state=3; <socket.socket fd=7, family=AddressFamily.AF_INET, type=2049, proto=6, laddr=('10.1.214.25', 41436), raddr=('128.9.46.112', 5672)>
2026-10-09 21:42:28,882:INFO:pika.adapters.blocking_connection(526): User-initiated close: result=BlockingConnection__OnClosedArgs(connection=<SelectConnection CLOSED transport=None params=<ConnectionParameters host=msgs.pegasus.isi.edu port=5672 virtual_host=prod ssl=False>>, error=ConnectionClosedByClient: (200) 'Normal shutdown')
2026-10-09 21:42:28,883:INFO:Pegasus.db.workflow_loader.WorkflowLoader(1244): Executing final flush
2026-10-09 21:42:28,928:INFO:Pegasus.db.dashboard_loader.DashboardLoader(397): Executing final flush
2026-10-09 21:42:28,929:INFO:pegasus-monitord(221): DB flushing ended
