10/09/26 21:41:31 ******************************************************
10/09/26 21:41:31 ** condor_scheduniv_exec.4355762.0 (CONDOR_DAGMAN) STARTING UP
10/09/26 21:41:31 ** /usr/bin/condor_dagman
10/09/26 21:41:31 ** SubsystemInfo: name=DAGMAN type=DAGMAN(9) class=CLIENT(2)
10/09/26 21:41:31 ** Configuration: subsystem:DAGMAN local:<NONE> class:CLIENT
10/09/26 21:41:31 ** $CondorVersion: 25.14.1 2026-09-23 BuildID: 958323 PackageID: 25.14.1-1 GitSHA: 6ee23ffa $
10/09/26 21:41:31 ** $CondorPlatform: x86_64_AlmaLinux8 $
10/09/26 21:41:31 ** PID = 3713107 RealUID = 2064
10/09/26 21:41:31 ** Log last touched time unavailable (No such file or directory)
10/09/26 21:41:31 ******************************************************
10/09/26 21:41:31 Using config source: /etc/condor/condor_config
10/09/26 21:41:31 Using local config sources: 
10/09/26 21:41:31    /usr/share/condor/config.d/50-gratia-gwms.conf
10/09/26 21:41:31    /etc/condor/config.d/00-security
10/09/26 21:41:31    /etc/condor/config.d/10-main.conf
10/09/26 21:41:31    /etc/condor/config.d/10-stash-plugin.conf
10/09/26 21:41:31    /etc/condor/config.d/80-osg-flocking.conf
10/09/26 21:41:31    /etc/condor/config.d/81-osg-flock-version.conf
10/09/26 21:41:31    /etc/condor/config.d/99-rynge.conf
10/09/26 21:41:31    /etc/condor/config.d/99-vahi.conf
10/09/26 21:41:31    /etc/condor/condor_config.local
10/09/26 21:41:31 config Macros = 136, Sorted = 136, StringBytes = 6613, TablesBytes = 5000
10/09/26 21:41:31 CLASSAD_CACHING is ENABLED
10/09/26 21:41:31 Daemon Log is logging: D_ALWAYS D_ERROR D_STATUS
10/09/26 21:41:31 Daemoncore: Listening at <0.0.0.0:11105> on TCP (ReliSock) and UDP (SafeSock).
10/09/26 21:41:31 DaemonCore: command socket at <149.165.153.107:11105?addrs=149.165.153.107-11105&alias=pegasus.access-ci.org&noUDP>
10/09/26 21:41:31 DaemonCore: private command socket at <149.165.153.107:11105?addrs=10.1.214.25-11105&alias=pegasus.access-ci.org>
10/09/26 21:41:31 Administrator set throttle limits enabled
10/09/26 21:41:31 DAGMAN_USE_OLD_FILE_PARSER setting: False
10/09/26 21:41:31 DAGMAN_USE_STRICT setting: 1
10/09/26 21:41:31 DAGMAN_VERBOSITY setting: 3
10/09/26 21:41:31 DAGMAN_DEBUG_CACHE_SIZE setting: 5242880
10/09/26 21:41:31 DAGMAN_DEBUG_CACHE_ENABLE setting: False
10/09/26 21:41:31 DAGMAN_SUBMIT_DELAY setting: 0
10/09/26 21:41:31 DAGMAN_MAX_SUBMIT_ATTEMPTS setting: 6
10/09/26 21:41:31 DAGMAN_STARTUP_CYCLE_DETECT setting: False
10/09/26 21:41:31 DAGMAN_USE_JOIN_NODES setting: True
10/09/26 21:41:31 DAGMAN_REPORT_GRAPH_METRICS setting: False
10/09/26 21:41:31 DAGMAN_MAX_SUBMITS_PER_INTERVAL setting: 100
10/09/26 21:41:31 DAGMAN_AGGRESSIVE_SUBMIT setting: False
10/09/26 21:41:31 DAGMAN_USER_LOG_SCAN_INTERVAL setting: 5
10/09/26 21:41:31 DAGMAN_QUEUE_UPDATE_INTERVAL setting: 300.000000
10/09/26 21:41:31 DAGMAN_DEFAULT_PRIORITY setting: 0
10/09/26 21:41:31 DAGMAN_SUPPRESS_NOTIFICATION setting: False
10/09/26 21:41:31 allow_events (DAGMAN_ALLOW_EVENTS) setting: 114
10/09/26 21:41:31 DAGMAN_RETRY_SUBMIT_FIRST setting: True
10/09/26 21:41:31 DAGMAN_RETRY_NODE_FIRST setting: False
10/09/26 21:41:31 DAGMAN_MAX_JOBS_IDLE setting: 1000
10/09/26 21:41:31 DAGMAN_MAX_JOBS_SUBMITTED setting: 0
10/09/26 21:41:31 DAGMAN_MAX_PRE_SCRIPTS setting: 20
10/09/26 21:41:31 DAGMAN_MAX_POST_SCRIPTS setting: 20
10/09/26 21:41:31 DAGMAN_MAX_HOLD_SCRIPTS setting: 20
10/09/26 21:41:31 DAGMAN_MUNGE_NODE_NAMES setting: True
10/09/26 21:41:31 DAGMAN_ALLOW_ANY_NODE_NAME_CHARACTERS setting: False
10/09/26 21:41:31 DAGMAN_PROHIBIT_MULTI_JOBS setting: False
10/09/26 21:41:31 DAGMAN_SUBMIT_DEPTH_FIRST setting: False
10/09/26 21:41:31 DAGMAN_ALWAYS_RUN_POST setting: False
10/09/26 21:41:31 DAGMAN_CONDOR_SUBMIT_EXE setting: /usr/bin/condor_submit
10/09/26 21:41:31 DAGMAN_CONDOR_RM_EXE setting: /usr/bin/condor_rm
10/09/26 21:41:31 DAGMAN_USE_DIRECT_SUBMIT setting: True
10/09/26 21:41:31 DAGMAN_PRODUCE_JOB_CREDENTIALS setting: True
10/09/26 21:41:31 DAGMAN_DEFAULT_APPEND_VARS setting: False
10/09/26 21:41:31 DAGMAN_INHERIT_ATTRS_PREFIX setting: 
10/09/26 21:41:31 DAGMAN_INHERIT_ATTRS setting: 
10/09/26 21:41:31 DAGMAN_ABORT_DUPLICATES setting: True
10/09/26 21:41:31 DAGMAN_ABORT_ON_SCARY_SUBMIT setting: True
10/09/26 21:41:31 DAGMAN_REMOVE_JOB_LIST_ON_FAILURE setting: True
10/09/26 21:41:31 DAGMAN_PENDING_REPORT_INTERVAL setting: 600
10/09/26 21:41:31 DAGMAN_CHECK_QUEUE_INTERVAL setting: 28800
10/09/26 21:41:31 DAGMAN_PRINT_JOB_TABLE_INTERVAL setting: 900
10/09/26 21:41:31 DAGMAN_AUTO_RESCUE setting: True
10/09/26 21:41:31 DAGMAN_MAX_RESCUE_NUM setting: 100
10/09/26 21:41:31 DAGMAN_RESET_RETRIES_UPON_RESCUE setting: True
10/09/26 21:41:31 DAGMAN_METRICS_FILE_VERSION setting: 2
10/09/26 21:41:31 DAGMAN_DEFAULT_NODE_LOG setting: @(DAG_DIR)/@(DAG_FILE).nodes.log
10/09/26 21:41:31 DAGMAN_LOG_ON_NFS_IS_ERROR setting: False
10/09/26 21:41:31 DAGMAN_GENERATE_SUBDAG_SUBMITS setting: True
10/09/26 21:41:31 DAGMAN_MAX_JOB_HOLDS setting: 100
10/09/26 21:41:31 DAGMAN_NODE_JOB_FAILURE_TOLERANCE setting: 0
10/09/26 21:41:31 DAGMAN_HOLD_CLAIM_TIME setting: 20
10/09/26 21:41:31 DAGMAN_SUPPRESS_JOB_LOGS setting: False
10/09/26 21:41:31 DAGMAN_REMOVE_NODE_JOBS setting: True
10/09/26 21:41:31 DAGMAN_PUT_FAILED_JOBS_ON_HOLD setting: False
10/09/26 21:41:31 DAGMAN_REMOVE_JOBS_AFTER_LIMIT_CHANGE setting: False
10/09/26 21:41:31 DAGMAN will adjust edges after parsing
10/09/26 21:41:31 Can't open directory "/etc/condor/passwords.d" as PRIV_ROOT, errno: 13 (Permission denied)
10/09/26 21:41:31 Can't open directory "/etc/condor/passwords.d" as PRIV_ROOT, errno: 13 (Permission denied)
10/09/26 21:41:31 argv[0] == "condor_scheduniv_exec.4355762.0"
10/09/26 21:41:31 argv[1] == "-Lockfile"
10/09/26 21:41:31 argv[2] == "noble-gas-reduction-0.dag.lock"
10/09/26 21:41:31 argv[3] == "-Dag"
10/09/26 21:41:31 argv[4] == "noble-gas-reduction-0.dag"
10/09/26 21:41:31 argv[5] == "-MaxPost"
10/09/26 21:41:31 argv[6] == "20"
10/09/26 21:41:31 argv[7] == "-CsdVersion"
10/09/26 21:41:31 argv[8] == "$CondorVersion: 25.14.1 2026-09-23 BuildID: 958323 PackageID: 25.14.1-1 GitSHA: 6ee23ffa $"
10/09/26 21:41:31 argv[9] == "-dagman"
10/09/26 21:41:31 argv[10] == "/usr/bin/condor_dagman"
10/09/26 21:41:31 argv[11] == "-AutoRescue"
10/09/26 21:41:31 argv[12] == "1"
10/09/26 21:41:31 Workflow batch-id: <4355762.0>
10/09/26 21:41:31 Workflow batch-name: <noble-gas-reduction-0.dag+4355762>
10/09/26 21:41:31 Workflow accounting_group: <>
10/09/26 21:41:31 Workflow accounting_group_user: <>
10/09/26 21:41:31 Warning: failed to get attribute DAGNodeName
10/09/26 21:41:31 Default node log file is: </home/vsaiadian/Hotsprings/workflow/work/vsaiadian/pegasus/noble-gas-reduction/run0002/./noble-gas-reduction-0.dag.nodes.log>
10/09/26 21:41:31 Setting DAGMan throttles:
10/09/26 21:41:31 	Maximum Idle Jobs-------------: 1000
10/09/26 21:41:31 	Maximum Pre Scripts-----------: 20
10/09/26 21:41:31 	Maximum Hold Scripts----------: 20
10/09/26 21:41:31 	Maximum Post Scripts----------: 20
10/09/26 21:41:31 	Maximum Submitted Nodes-------: 0
10/09/26 21:41:31 	Maximum Submits Per Interval--: 100
10/09/26 21:41:31 DAG Lockfile will be written to noble-gas-reduction-0.dag.lock
10/09/26 21:41:31 DAG Input file is noble-gas-reduction-0.dag
10/09/26 21:41:31 Parsing 1 dagfiles
10/09/26 21:41:31 Parsing noble-gas-reduction-0.dag ...
10/09/26 21:41:31 Adjusting edges
10/09/26 21:41:31 Dag contains 25 total nodes
10/09/26 21:41:31 Bootstrapping...
10/09/26 21:41:31 Number of pre-completed nodes: 0
10/09/26 21:41:31 MultiLogFiles: truncating log file /home/vsaiadian/Hotsprings/workflow/work/vsaiadian/pegasus/noble-gas-reduction/run0002/./noble-gas-reduction-0.dag.nodes.log
10/09/26 21:41:31 DAG status: 0 (DAG_STATUS_OK)
10/09/26 21:41:31 Of 25 nodes total:
10/09/26 21:41:31  Done     Pre   Queued    Post   Ready   Un-Ready   Failed   Futile
10/09/26 21:41:31   ===     ===      ===     ===     ===        ===      ===      ===
10/09/26 21:41:31     0       0        0       0       1         24        0        0
10/09/26 21:41:31 0 job proc(s) currently held
10/09/26 21:41:31 DAGMan Runtime Statistics: [EventCycleTimeSum=0.000; SleepCycleTimeSum=0.000; SubmitCycleTimeSum=0.000; EventCycleTimeCount=0.000; SleepCycleTimeCount=0.000; SubmitCycleTimeCount=0.000; LogProcessCycleTimeSum=0.000; LogProcessCycleTimeCount=0.000; ]
10/09/26 21:41:31 Registering condor_event_timer...
10/09/26 21:41:32 Submitting HTCondor Node create_dir_noble-gas-reduction_0_local job(s)...
10/09/26 21:41:32 Submitting node create_dir_noble-gas-reduction_0_local from file 00/00/create_dir_noble-gas-reduction_0_local.sub using direct job submission
10/09/26 21:41:32 Submit warning: Submit:0:the line 'wf_submit_dir = /home/vsaiadian/Hotsprings/workflow/work/vsaiadian/pegasus/noble-gas-reduction/run0002' was unused by DAGMAN. Is it a typo?
|Submit:0:the line 'pegasus_job_runtime = 0' was unused by DAGMAN. Is it a typo?
|Submit:0:the line 'pegasus_gpus = 0' was unused by DAGMAN. Is it a typo?
|Submit:0:the line 'pegasus_cores = 1' was unused by DAGMAN. Is it a typo?
10/09/26 21:41:32 	assigned HTCondor ID (4355763.0.0)
10/09/26 21:41:32 Just submitted 1 job this cycle...
10/09/26 21:41:32 DAG status: 0 (DAG_STATUS_OK)
10/09/26 21:41:32 Of 25 nodes total:
10/09/26 21:41:32  Done     Pre   Queued    Post   Ready   Un-Ready   Failed   Futile
10/09/26 21:41:32   ===     ===      ===     ===     ===        ===      ===      ===
10/09/26 21:41:32     0       0        1       0       0         24        0        0
10/09/26 21:41:32 0 job proc(s) currently held
10/09/26 21:41:32 DAGMan Runtime Statistics: [EventCycleTimeSum=0.000; SleepCycleTimeSum=0.000; SubmitCycleTimeAvg=0.015; SubmitCycleTimeMax=0.015; SubmitCycleTimeMin=0.015; SubmitCycleTimeStd=0.015; SubmitCycleTimeSum=0.015; EventCycleTimeCount=0.000; SleepCycleTimeCount=0.000; SubmitCycleTimeCount=1.000; LogProcessCycleTimeSum=0.000; LogProcessCycleTimeCount=0.000; ]
10/09/26 21:41:37 Currently monitoring 1 HTCondor log file(s)
10/09/26 21:41:37 Reassigning the id of job create_dir_noble-gas-reduction_0_local from (4355763.0.0) to (4355763.0.0)
10/09/26 21:41:37 Event: ULOG_SUBMIT for HTCondor Node create_dir_noble-gas-reduction_0_local (4355763.0.0) {10/09/26 21:41:32}
10/09/26 21:41:37 Number of idle job procs: 1
10/09/26 21:41:37 Event: ULOG_EXECUTE for HTCondor Node create_dir_noble-gas-reduction_0_local (4355763.0.0) {10/09/26 21:41:37}
10/09/26 21:41:37 Number of idle job procs: 0
10/09/26 21:41:43 Currently monitoring 1 HTCondor log file(s)
10/09/26 21:41:43 Event: ULOG_JOB_TERMINATED for HTCondor Node create_dir_noble-gas-reduction_0_local (4355763.0.0) {10/09/26 21:41:39}
10/09/26 21:41:43 Number of idle job procs: 0
10/09/26 21:41:43 Node create_dir_noble-gas-reduction_0_local job proc (4355763.0.0) completed successfully.
10/09/26 21:41:43 Node create_dir_noble-gas-reduction_0_local job(s) have exited the queue
10/09/26 21:41:43 Running POST script of Node create_dir_noble-gas-reduction_0_local...
10/09/26 21:41:43 DAG status: 0 (DAG_STATUS_OK)
10/09/26 21:41:43 Of 25 nodes total:
10/09/26 21:41:43  Done     Pre   Queued    Post   Ready   Un-Ready   Failed   Futile
10/09/26 21:41:43   ===     ===      ===     ===     ===        ===      ===      ===
10/09/26 21:41:43     0       0        0       1       0         24        0        0
10/09/26 21:41:43 0 job proc(s) currently held
10/09/26 21:41:43 DAGMan Runtime Statistics: [EventCycleTimeAvg=0.014; EventCycleTimeMax=0.015; EventCycleTimeMin=0.013; EventCycleTimeStd=0.002; EventCycleTimeSum=0.028; SleepCycleTimeAvg=5.004; SleepCycleTimeMax=5.005; SleepCycleTimeMin=5.004; SleepCycleTimeStd=0.000; SleepCycleTimeSum=10.009; SubmitCycleTimeAvg=0.005; SubmitCycleTimeMax=0.015; SubmitCycleTimeMin=0.000; SubmitCycleTimeStd=0.009; SubmitCycleTimeSum=0.015; EventCycleTimeCount=2.000; SleepCycleTimeCount=2.000; SubmitCycleTimeCount=3.000; LogProcessCycleTimeAvg=0.001; LogProcessCycleTimeMax=0.003; LogProcessCycleTimeMin=0.000; LogProcessCycleTimeStd=0.002; LogProcessCycleTimeSum=0.003; LogProcessCycleTimeCount=2.000; ]
10/09/26 21:41:43 Initializing user log writer for /home/vsaiadian/Hotsprings/workflow/work/vsaiadian/pegasus/noble-gas-reduction/run0002/./noble-gas-reduction-0.dag.nodes.log, (4355763.0.0)
10/09/26 21:41:48 Currently monitoring 1 HTCondor log file(s)
10/09/26 21:41:48 Event: ULOG_POST_SCRIPT_TERMINATED for HTCondor Node create_dir_noble-gas-reduction_0_local (4355763.0.0) {10/09/26 21:41:43}
10/09/26 21:41:48 POST Script of node create_dir_noble-gas-reduction_0_local completed successfully.
10/09/26 21:41:48 DAG status: 0 (DAG_STATUS_OK)
10/09/26 21:41:48 Of 25 nodes total:
10/09/26 21:41:48  Done     Pre   Queued    Post   Ready   Un-Ready   Failed   Futile
10/09/26 21:41:48   ===     ===      ===     ===     ===        ===      ===      ===
10/09/26 21:41:48     1       0        0       0       4         20        0        0
10/09/26 21:41:48 0 job proc(s) currently held
10/09/26 21:41:48 DAGMan Runtime Statistics: [EventCycleTimeAvg=0.010; EventCycleTimeMax=0.015; EventCycleTimeMin=0.003; EventCycleTimeStd=0.007; EventCycleTimeSum=0.031; SleepCycleTimeAvg=5.043; SleepCycleTimeMax=5.121; SleepCycleTimeMin=5.004; SleepCycleTimeStd=0.067; SleepCycleTimeSum=15.130; SubmitCycleTimeAvg=0.004; SubmitCycleTimeMax=0.015; SubmitCycleTimeMin=0.000; SubmitCycleTimeStd=0.007; SubmitCycleTimeSum=0.015; EventCycleTimeCount=3.000; SleepCycleTimeCount=3.000; SubmitCycleTimeCount=4.000; LogProcessCycleTimeAvg=0.001; LogProcessCycleTimeMax=0.003; LogProcessCycleTimeMin=0.000; LogProcessCycleTimeStd=0.001; LogProcessCycleTimeSum=0.003; LogProcessCycleTimeCount=3.000; ]
10/09/26 21:41:53 Submitting HTCondor Node stage_in_remote_local_2_0 job(s)...
10/09/26 21:41:53 Submitting node stage_in_remote_local_2_0 from file 00/00/stage_in_remote_local_2_0.sub using direct job submission
10/09/26 21:41:53 Submit warning: Submit:0:the line 'pegasus_job_runtime = 0' was unused by DAGMAN. Is it a typo?
|Submit:0:the line 'pegasus_gpus = 0' was unused by DAGMAN. Is it a typo?
|Submit:0:the line 'pegasus_cores = 1' was unused by DAGMAN. Is it a typo?
10/09/26 21:41:53 	assigned HTCondor ID (4355764.0.0)
10/09/26 21:41:53 Submitting HTCondor Node stage_in_remote_local_1_0 job(s)...
10/09/26 21:41:53 Submitting node stage_in_remote_local_1_0 from file 00/00/stage_in_remote_local_1_0.sub using direct job submission
10/09/26 21:41:53 Submit warning: Submit:0:the line 'pegasus_job_runtime = 0' was unused by DAGMAN. Is it a typo?
|Submit:0:the line 'pegasus_gpus = 0' was unused by DAGMAN. Is it a typo?
|Submit:0:the line 'pegasus_cores = 1' was unused by DAGMAN. Is it a typo?
10/09/26 21:41:53 	assigned HTCondor ID (4355765.0.0)
10/09/26 21:41:53 Submitting HTCondor Node stage_in_remote_local_0_0 job(s)...
10/09/26 21:41:53 Submitting node stage_in_remote_local_0_0 from file 00/00/stage_in_remote_local_0_0.sub using direct job submission
10/09/26 21:41:53 Submit warning: Submit:0:the line 'pegasus_job_runtime = 0' was unused by DAGMAN. Is it a typo?
|Submit:0:the line 'pegasus_gpus = 0' was unused by DAGMAN. Is it a typo?
|Submit:0:the line 'pegasus_cores = 1' was unused by DAGMAN. Is it a typo?
10/09/26 21:41:53 	assigned HTCondor ID (4355766.0.0)
10/09/26 21:41:53 Submitting HTCondor Node stage_in_remote_local_3_0 job(s)...
10/09/26 21:41:53 Submitting node stage_in_remote_local_3_0 from file 00/00/stage_in_remote_local_3_0.sub using direct job submission
10/09/26 21:41:53 Submit warning: Submit:0:the line 'pegasus_job_runtime = 0' was unused by DAGMAN. Is it a typo?
|Submit:0:the line 'pegasus_gpus = 0' was unused by DAGMAN. Is it a typo?
|Submit:0:the line 'pegasus_cores = 1' was unused by DAGMAN. Is it a typo?
10/09/26 21:41:53 	assigned HTCondor ID (4355767.0.0)
10/09/26 21:41:53 Just submitted 4 jobs this cycle...
10/09/26 21:41:53 DAG status: 0 (DAG_STATUS_OK)
10/09/26 21:41:53 Of 25 nodes total:
10/09/26 21:41:53  Done     Pre   Queued    Post   Ready   Un-Ready   Failed   Futile
10/09/26 21:41:53   ===     ===      ===     ===     ===        ===      ===      ===
10/09/26 21:41:53     1       0        4       0       0         20        0        0
10/09/26 21:41:53 0 job proc(s) currently held
10/09/26 21:41:53 DAGMan Runtime Statistics: [EventCycleTimeAvg=0.008; EventCycleTimeMax=0.015; EventCycleTimeMin=0.000; EventCycleTimeStd=0.007; EventCycleTimeSum=0.031; SleepCycleTimeAvg=5.034; SleepCycleTimeMax=5.121; SleepCycleTimeMin=5.004; SleepCycleTimeStd=0.058; SleepCycleTimeSum=20.135; SubmitCycleTimeAvg=0.022; SubmitCycleTimeMax=0.095; SubmitCycleTimeMin=0.000; SubmitCycleTimeStd=0.041; SubmitCycleTimeSum=0.110; EventCycleTimeCount=4.000; SleepCycleTimeCount=4.000; SubmitCycleTimeCount=5.000; LogProcessCycleTimeAvg=0.001; LogProcessCycleTimeMax=0.003; LogProcessCycleTimeMin=0.000; LogProcessCycleTimeStd=0.001; LogProcessCycleTimeSum=0.003; LogProcessCycleTimeCount=3.000; ]
10/09/26 21:41:58 Currently monitoring 1 HTCondor log file(s)
10/09/26 21:41:58 Reassigning the id of job stage_in_remote_local_2_0 from (4355764.0.0) to (4355764.0.0)
10/09/26 21:41:58 Event: ULOG_SUBMIT for HTCondor Node stage_in_remote_local_2_0 (4355764.0.0) {10/09/26 21:41:53}
10/09/26 21:41:58 Number of idle job procs: 1
10/09/26 21:41:58 Reassigning the id of job stage_in_remote_local_1_0 from (4355765.0.0) to (4355765.0.0)
10/09/26 21:41:58 Event: ULOG_SUBMIT for HTCondor Node stage_in_remote_local_1_0 (4355765.0.0) {10/09/26 21:41:53}
10/09/26 21:41:58 Number of idle job procs: 2
10/09/26 21:41:58 Event: ULOG_EXECUTE for HTCondor Node stage_in_remote_local_2_0 (4355764.0.0) {10/09/26 21:41:53}
10/09/26 21:41:58 Number of idle job procs: 1
10/09/26 21:41:58 Reassigning the id of job stage_in_remote_local_0_0 from (4355766.0.0) to (4355766.0.0)
10/09/26 21:41:58 Event: ULOG_SUBMIT for HTCondor Node stage_in_remote_local_0_0 (4355766.0.0) {10/09/26 21:41:53}
10/09/26 21:41:58 Number of idle job procs: 2
10/09/26 21:41:58 Reassigning the id of job stage_in_remote_local_3_0 from (4355767.0.0) to (4355767.0.0)
10/09/26 21:41:58 Event: ULOG_SUBMIT for HTCondor Node stage_in_remote_local_3_0 (4355767.0.0) {10/09/26 21:41:53}
10/09/26 21:41:58 Number of idle job procs: 3
10/09/26 21:41:58 Event: ULOG_JOB_TERMINATED for HTCondor Node stage_in_remote_local_2_0 (4355764.0.0) {10/09/26 21:41:57}
10/09/26 21:41:58 Number of idle job procs: 3
10/09/26 21:41:58 Node stage_in_remote_local_2_0 job proc (4355764.0.0) completed successfully.
10/09/26 21:41:58 Node stage_in_remote_local_2_0 job(s) have exited the queue
10/09/26 21:41:58 Running POST script of Node stage_in_remote_local_2_0...
10/09/26 21:41:58 DAG status: 0 (DAG_STATUS_OK)
10/09/26 21:41:58 Of 25 nodes total:
10/09/26 21:41:58  Done     Pre   Queued    Post   Ready   Un-Ready   Failed   Futile
10/09/26 21:41:58   ===     ===      ===     ===     ===        ===      ===      ===
10/09/26 21:41:58     1       0        3       1       0         20        0        0
10/09/26 21:41:58 0 job proc(s) currently held
10/09/26 21:41:58 DAGMan Runtime Statistics: [EventCycleTimeAvg=0.025; EventCycleTimeMax=0.095; EventCycleTimeMin=0.000; EventCycleTimeStd=0.040; EventCycleTimeSum=0.126; SleepCycleTimeAvg=5.028; SleepCycleTimeMax=5.121; SleepCycleTimeMin=5.004; SleepCycleTimeStd=0.052; SleepCycleTimeSum=25.140; SubmitCycleTimeAvg=0.018; SubmitCycleTimeMax=0.095; SubmitCycleTimeMin=0.000; SubmitCycleTimeStd=0.038; SubmitCycleTimeSum=0.110; EventCycleTimeCount=5.000; SleepCycleTimeCount=5.000; SubmitCycleTimeCount=6.000; LogProcessCycleTimeAvg=0.002; LogProcessCycleTimeMax=0.003; LogProcessCycleTimeMin=0.000; LogProcessCycleTimeStd=0.001; LogProcessCycleTimeSum=0.006; LogProcessCycleTimeCount=4.000; ]
10/09/26 21:41:58 Initializing user log writer for /home/vsaiadian/Hotsprings/workflow/work/vsaiadian/pegasus/noble-gas-reduction/run0002/./noble-gas-reduction-0.dag.nodes.log, (4355764.0.0)
10/09/26 21:42:03 Currently monitoring 1 HTCondor log file(s)
10/09/26 21:42:03 Event: ULOG_POST_SCRIPT_TERMINATED for HTCondor Node stage_in_remote_local_2_0 (4355764.0.0) {10/09/26 21:41:58}
10/09/26 21:42:03 POST Script of node stage_in_remote_local_2_0 completed successfully.
10/09/26 21:42:03 Event: ULOG_EXECUTE for HTCondor Node stage_in_remote_local_1_0 (4355765.0.0) {10/09/26 21:41:58}
10/09/26 21:42:03 Number of idle job procs: 2
10/09/26 21:42:03 Event: ULOG_EXECUTE for HTCondor Node stage_in_remote_local_0_0 (4355766.0.0) {10/09/26 21:41:58}
10/09/26 21:42:03 Number of idle job procs: 1
10/09/26 21:42:03 Event: ULOG_EXECUTE for HTCondor Node stage_in_remote_local_3_0 (4355767.0.0) {10/09/26 21:41:58}
10/09/26 21:42:03 Number of idle job procs: 0
10/09/26 21:42:03 Event: ULOG_JOB_TERMINATED for HTCondor Node stage_in_remote_local_1_0 (4355765.0.0) {10/09/26 21:42:00}
10/09/26 21:42:03 Number of idle job procs: 0
10/09/26 21:42:03 Node stage_in_remote_local_1_0 job proc (4355765.0.0) completed successfully.
10/09/26 21:42:03 Node stage_in_remote_local_1_0 job(s) have exited the queue
10/09/26 21:42:03 Running POST script of Node stage_in_remote_local_1_0...
10/09/26 21:42:03 Event: ULOG_JOB_TERMINATED for HTCondor Node stage_in_remote_local_3_0 (4355767.0.0) {10/09/26 21:42:00}
10/09/26 21:42:03 Number of idle job procs: 0
10/09/26 21:42:03 Node stage_in_remote_local_3_0 job proc (4355767.0.0) completed successfully.
10/09/26 21:42:03 Node stage_in_remote_local_3_0 job(s) have exited the queue
10/09/26 21:42:03 Running POST script of Node stage_in_remote_local_3_0...
10/09/26 21:42:03 Event: ULOG_JOB_TERMINATED for HTCondor Node stage_in_remote_local_0_0 (4355766.0.0) {10/09/26 21:42:02}
10/09/26 21:42:03 Number of idle job procs: 0
10/09/26 21:42:03 Node stage_in_remote_local_0_0 job proc (4355766.0.0) completed successfully.
10/09/26 21:42:03 Node stage_in_remote_local_0_0 job(s) have exited the queue
10/09/26 21:42:03 Running POST script of Node stage_in_remote_local_0_0...
10/09/26 21:42:03 DAG status: 0 (DAG_STATUS_OK)
10/09/26 21:42:03 Of 25 nodes total:
10/09/26 21:42:03  Done     Pre   Queued    Post   Ready   Un-Ready   Failed   Futile
10/09/26 21:42:03   ===     ===      ===     ===     ===        ===      ===      ===
10/09/26 21:42:03     2       0        0       3       0         20        0        0
10/09/26 21:42:03 0 job proc(s) currently held
10/09/26 21:42:03 DAGMan Runtime Statistics: [EventCycleTimeAvg=0.022; EventCycleTimeMax=0.095; EventCycleTimeMin=0.000; EventCycleTimeStd=0.037; EventCycleTimeSum=0.129; SleepCycleTimeAvg=5.043; SleepCycleTimeMax=5.121; SleepCycleTimeMin=5.004; SleepCycleTimeStd=0.060; SleepCycleTimeSum=30.260; SubmitCycleTimeAvg=0.016; SubmitCycleTimeMax=0.095; SubmitCycleTimeMin=0.000; SubmitCycleTimeStd=0.035; SubmitCycleTimeSum=0.110; EventCycleTimeCount=6.000; SleepCycleTimeCount=6.000; SubmitCycleTimeCount=7.000; LogProcessCycleTimeAvg=0.003; LogProcessCycleTimeMax=0.007; LogProcessCycleTimeMin=0.000; LogProcessCycleTimeStd=0.003; LogProcessCycleTimeSum=0.013; LogProcessCycleTimeCount=5.000; ]
10/09/26 21:42:03 Initializing user log writer for /home/vsaiadian/Hotsprings/workflow/work/vsaiadian/pegasus/noble-gas-reduction/run0002/./noble-gas-reduction-0.dag.nodes.log, (4355767.0.0)
10/09/26 21:42:03 Initializing user log writer for /home/vsaiadian/Hotsprings/workflow/work/vsaiadian/pegasus/noble-gas-reduction/run0002/./noble-gas-reduction-0.dag.nodes.log, (4355765.0.0)
10/09/26 21:42:03 Initializing user log writer for /home/vsaiadian/Hotsprings/workflow/work/vsaiadian/pegasus/noble-gas-reduction/run0002/./noble-gas-reduction-0.dag.nodes.log, (4355766.0.0)
10/09/26 21:42:08 Currently monitoring 1 HTCondor log file(s)
10/09/26 21:42:08 Event: ULOG_POST_SCRIPT_TERMINATED for HTCondor Node stage_in_remote_local_3_0 (4355767.0.0) {10/09/26 21:42:03}
10/09/26 21:42:08 POST Script of node stage_in_remote_local_3_0 completed successfully.
10/09/26 21:42:08 Event: ULOG_POST_SCRIPT_TERMINATED for HTCondor Node stage_in_remote_local_1_0 (4355765.0.0) {10/09/26 21:42:03}
10/09/26 21:42:08 POST Script of node stage_in_remote_local_1_0 completed successfully.
10/09/26 21:42:08 Event: ULOG_POST_SCRIPT_TERMINATED for HTCondor Node stage_in_remote_local_0_0 (4355766.0.0) {10/09/26 21:42:03}
10/09/26 21:42:08 POST Script of node stage_in_remote_local_0_0 completed successfully.
10/09/26 21:42:08 DAG status: 0 (DAG_STATUS_OK)
10/09/26 21:42:08 Of 25 nodes total:
10/09/26 21:42:08  Done     Pre   Queued    Post   Ready   Un-Ready   Failed   Futile
10/09/26 21:42:08   ===     ===      ===     ===     ===        ===      ===      ===
10/09/26 21:42:08     5       0        0       0       1         19        0        0
10/09/26 21:42:08 0 job proc(s) currently held
10/09/26 21:42:08 DAGMan Runtime Statistics: [EventCycleTimeAvg=0.020; EventCycleTimeMax=0.095; EventCycleTimeMin=0.000; EventCycleTimeStd=0.034; EventCycleTimeSum=0.137; SleepCycleTimeAvg=5.054; SleepCycleTimeMax=5.121; SleepCycleTimeMin=5.004; SleepCycleTimeStd=0.062; SleepCycleTimeSum=35.380; SubmitCycleTimeAvg=0.014; SubmitCycleTimeMax=0.095; SubmitCycleTimeMin=0.000; SubmitCycleTimeStd=0.033; SubmitCycleTimeSum=0.110; EventCycleTimeCount=7.000; SleepCycleTimeCount=7.000; SubmitCycleTimeCount=8.000; LogProcessCycleTimeAvg=0.002; LogProcessCycleTimeMax=0.007; LogProcessCycleTimeMin=0.000; LogProcessCycleTimeStd=0.003; LogProcessCycleTimeSum=0.014; LogProcessCycleTimeCount=6.000; ]
10/09/26 21:42:13 Submitting HTCondor Node build_semiraw_ID0000001 job(s)...
10/09/26 21:42:13 Submitting node build_semiraw_ID0000001 from file 00/00/build_semiraw_ID0000001.sub using direct job submission
10/09/26 21:42:13 Submit warning: Submit:0:the line 'pegasus_job_runtime = 0' was unused by DAGMAN. Is it a typo?
|Submit:0:the line 'pegasus_gpus = 0' was unused by DAGMAN. Is it a typo?
10/09/26 21:42:13 	assigned HTCondor ID (4355768.0.0)
10/09/26 21:42:13 Just submitted 1 job this cycle...
10/09/26 21:42:13 DAG status: 0 (DAG_STATUS_OK)
10/09/26 21:42:13 Of 25 nodes total:
10/09/26 21:42:13  Done     Pre   Queued    Post   Ready   Un-Ready   Failed   Futile
10/09/26 21:42:13   ===     ===      ===     ===     ===        ===      ===      ===
10/09/26 21:42:13     5       0        1       0       0         19        0        0
10/09/26 21:42:13 0 job proc(s) currently held
10/09/26 21:42:13 DAGMan Runtime Statistics: [EventCycleTimeAvg=0.017; EventCycleTimeMax=0.095; EventCycleTimeMin=0.000; EventCycleTimeStd=0.032; EventCycleTimeSum=0.137; SleepCycleTimeAvg=5.048; SleepCycleTimeMax=5.121; SleepCycleTimeMin=5.004; SleepCycleTimeStd=0.060; SleepCycleTimeSum=40.385; SubmitCycleTimeAvg=0.015; SubmitCycleTimeMax=0.095; SubmitCycleTimeMin=0.000; SubmitCycleTimeStd=0.031; SubmitCycleTimeSum=0.132; EventCycleTimeCount=8.000; SleepCycleTimeCount=8.000; SubmitCycleTimeCount=9.000; LogProcessCycleTimeAvg=0.002; LogProcessCycleTimeMax=0.007; LogProcessCycleTimeMin=0.000; LogProcessCycleTimeStd=0.003; LogProcessCycleTimeSum=0.014; LogProcessCycleTimeCount=6.000; ]
10/09/26 21:42:18 Currently monitoring 1 HTCondor log file(s)
10/09/26 21:42:18 Reassigning the id of job build_semiraw_ID0000001 from (4355768.0.0) to (4355768.0.0)
10/09/26 21:42:18 Event: ULOG_SUBMIT for HTCondor Node build_semiraw_ID0000001 (4355768.0.0) {10/09/26 21:42:13}
10/09/26 21:42:18 Number of idle job procs: 1
10/09/26 21:42:18 Event: ULOG_EXECUTE for HTCondor Node build_semiraw_ID0000001 (4355768.0.0) {10/09/26 21:42:13}
10/09/26 21:42:18 Number of idle job procs: 0
10/09/26 21:42:18 Event: ULOG_JOB_TERMINATED for HTCondor Node build_semiraw_ID0000001 (4355768.0.0) {10/09/26 21:42:15}
10/09/26 21:42:18 Number of idle job procs: 0
10/09/26 21:42:18 Node build_semiraw_ID0000001 job proc (4355768.0.0) failed with status 71.
10/09/26 21:42:18 Node build_semiraw_ID0000001 job(s) have exited the queue
10/09/26 21:42:18 Running POST script of Node build_semiraw_ID0000001...
10/09/26 21:42:18 DAG status: 0 (DAG_STATUS_OK)
10/09/26 21:42:18 Of 25 nodes total:
10/09/26 21:42:18  Done     Pre   Queued    Post   Ready   Un-Ready   Failed   Futile
10/09/26 21:42:18   ===     ===      ===     ===     ===        ===      ===      ===
10/09/26 21:42:18     5       0        0       1       0         19        0        0
10/09/26 21:42:18 0 job proc(s) currently held
10/09/26 21:42:18 DAGMan Runtime Statistics: [EventCycleTimeAvg=0.018; EventCycleTimeMax=0.095; EventCycleTimeMin=0.000; EventCycleTimeStd=0.030; EventCycleTimeSum=0.160; SleepCycleTimeAvg=5.043; SleepCycleTimeMax=5.121; SleepCycleTimeMin=5.004; SleepCycleTimeStd=0.058; SleepCycleTimeSum=45.390; SubmitCycleTimeAvg=0.013; SubmitCycleTimeMax=0.095; SubmitCycleTimeMin=0.000; SubmitCycleTimeStd=0.030; SubmitCycleTimeSum=0.132; EventCycleTimeCount=9.000; SleepCycleTimeCount=9.000; SubmitCycleTimeCount=10.000; LogProcessCycleTimeAvg=0.002; LogProcessCycleTimeMax=0.007; LogProcessCycleTimeMin=0.000; LogProcessCycleTimeStd=0.003; LogProcessCycleTimeSum=0.017; LogProcessCycleTimeCount=7.000; ]
10/09/26 21:42:18 Initializing user log writer for /home/vsaiadian/Hotsprings/workflow/work/vsaiadian/pegasus/noble-gas-reduction/run0002/./noble-gas-reduction-0.dag.nodes.log, (4355768.0.0)
10/09/26 21:42:23 Currently monitoring 1 HTCondor log file(s)
10/09/26 21:42:23 Event: ULOG_POST_SCRIPT_TERMINATED for HTCondor Node build_semiraw_ID0000001 (4355768.0.0) {10/09/26 21:42:18}
10/09/26 21:42:23 POST Script of node build_semiraw_ID0000001 failed with status 1
10/09/26 21:42:23 POST for Node build_semiraw_ID0000001 returned 1
10/09/26 21:42:23 DAG status: 2 (DAG_STATUS_NODE_FAILED)
10/09/26 21:42:23 Of 25 nodes total:
10/09/26 21:42:23  Done     Pre   Queued    Post   Ready   Un-Ready   Failed   Futile
10/09/26 21:42:23   ===     ===      ===     ===     ===        ===      ===      ===
10/09/26 21:42:23     5       0        0       0       0          0        1       19
10/09/26 21:42:23 0 job proc(s) currently held
10/09/26 21:42:23 DAGMan Runtime Statistics: [EventCycleTimeAvg=0.016; EventCycleTimeMax=0.095; EventCycleTimeMin=0.000; EventCycleTimeStd=0.029; EventCycleTimeSum=0.163; SleepCycleTimeAvg=5.052; SleepCycleTimeMax=5.126; SleepCycleTimeMin=5.004; SleepCycleTimeStd=0.060; SleepCycleTimeSum=50.516; SubmitCycleTimeAvg=0.012; SubmitCycleTimeMax=0.095; SubmitCycleTimeMin=0.000; SubmitCycleTimeStd=0.029; SubmitCycleTimeSum=0.132; EventCycleTimeCount=10.000; SleepCycleTimeCount=10.000; SubmitCycleTimeCount=11.000; LogProcessCycleTimeAvg=0.002; LogProcessCycleTimeMax=0.007; LogProcessCycleTimeMin=0.000; LogProcessCycleTimeStd=0.002; LogProcessCycleTimeSum=0.017; LogProcessCycleTimeCount=8.000; ]
10/09/26 21:42:23 ERROR: the following job(s) failed:
10/09/26 21:42:23 ---------------------- Node ----------------------
10/09/26 21:42:23       Node Name: build_semiraw_ID0000001
10/09/26 21:42:23            Noop: false
10/09/26 21:42:23          NodeID: 5
10/09/26 21:42:23     Node Status: STATUS_ERROR    
10/09/26 21:42:23 Node return val: 1
10/09/26 21:42:23           Error: Job exited with status 71 and POST Script failed with status 1
10/09/26 21:42:23 Job Submit File: 00/00/build_semiraw_ID0000001.sub
10/09/26 21:42:23     POST Script: /usr/bin/pegasus-exitcode  -r $RETURN -R $RETRY -s PegasusLite:+exitcode+0 -l noble-gas-reduction-0.exitcode.log -M noble-gas-reduction-0.cache.meta -N    .//00/00/build_semiraw_ID0000001.out
10/09/26 21:42:23  HTCondor Job ID: (4355768.0.0)
10/09/26 21:42:23 PARENTS: stage_in_remote_local_0_0 WAITING: 0 CHILDREN: samples_tab_ID0000005 blanks_tab_ID0000003 compute_references_ID0000002 clean_up_local_level_3_0 assemble_workbook_ID0000006 stage_out_local_local_0_0 air_stds_tab_ID0000004
10/09/26 21:42:23 ---------------------------------------	<END>
10/09/26 21:42:23 Aborting DAG...
10/09/26 21:42:23 Writing Rescue DAG to noble-gas-reduction-0.dag.rescue001...
10/09/26 21:42:23 Removing submitted jobs...
10/09/26 21:42:23 Removing any/all submitted HTCondor jobs...
10/09/26 21:42:23 Running: /usr/bin/condor_rm -const DAGManJobId==4355762 -reason DAG' 'Abort:' 'DAG' 'is' 'exiting' 'and' 'writing' 'rescue' 'file.
10/09/26 21:42:23 Note: 0 total node deferrals because of -MaxJobs limit (0)
10/09/26 21:42:23 Note: 0 total node deferrals because of -MaxIdle limit (1000)
10/09/26 21:42:23 Note: 0 total node deferrals because of node category throttles
10/09/26 21:42:23 Note: 0 total PRE script deferrals because of -MaxPre limit (20) or DEFER
10/09/26 21:42:23 Note: 0 total POST script deferrals because of -MaxPost limit (20) or DEFER
10/09/26 21:42:23 Note: 0 total HOLD script deferrals because of -MaxHold limit (20) or DEFER
10/09/26 21:42:23 DAG status: 2 (DAG_STATUS_NODE_FAILED)
10/09/26 21:42:23 Of 25 nodes total:
10/09/26 21:42:23  Done     Pre   Queued    Post   Ready   Un-Ready   Failed   Futile
10/09/26 21:42:23   ===     ===      ===     ===     ===        ===      ===      ===
10/09/26 21:42:23     5       0        0       0       0          0        1       19
10/09/26 21:42:23 0 job proc(s) currently held
10/09/26 21:42:23 DAGMan Runtime Statistics: [EventCycleTimeAvg=0.016; EventCycleTimeMax=0.095; EventCycleTimeMin=0.000; EventCycleTimeStd=0.029; EventCycleTimeSum=0.163; SleepCycleTimeAvg=5.052; SleepCycleTimeMax=5.126; SleepCycleTimeMin=5.004; SleepCycleTimeStd=0.060; SleepCycleTimeSum=50.516; SubmitCycleTimeAvg=0.012; SubmitCycleTimeMax=0.095; SubmitCycleTimeMin=0.000; SubmitCycleTimeStd=0.029; SubmitCycleTimeSum=0.132; EventCycleTimeCount=10.000; SleepCycleTimeCount=10.000; SubmitCycleTimeCount=11.000; LogProcessCycleTimeAvg=0.002; LogProcessCycleTimeMax=0.007; LogProcessCycleTimeMin=0.000; LogProcessCycleTimeStd=0.002; LogProcessCycleTimeSum=0.017; LogProcessCycleTimeCount=8.000; ]
10/09/26 21:42:23 Wrote metrics file noble-gas-reduction-0.dag.metrics.
10/09/26 21:42:23 DAGMan Runtime Statistics: [EventCycleTimeAvg=0.016; EventCycleTimeMax=0.095; EventCycleTimeMin=0.000; EventCycleTimeStd=0.029; EventCycleTimeSum=0.163; SleepCycleTimeAvg=5.052; SleepCycleTimeMax=5.126; SleepCycleTimeMin=5.004; SleepCycleTimeStd=0.060; SleepCycleTimeSum=50.516; SubmitCycleTimeAvg=0.012; SubmitCycleTimeMax=0.095; SubmitCycleTimeMin=0.000; SubmitCycleTimeStd=0.029; SubmitCycleTimeSum=0.132; EventCycleTimeCount=10.000; SleepCycleTimeCount=10.000; SubmitCycleTimeCount=11.000; LogProcessCycleTimeAvg=0.002; LogProcessCycleTimeMax=0.007; LogProcessCycleTimeMin=0.000; LogProcessCycleTimeStd=0.002; LogProcessCycleTimeSum=0.017; LogProcessCycleTimeCount=8.000; ]
10/09/26 21:42:23 **** condor_scheduniv_exec.4355762.0 (condor_DAGMAN) pid 3713107 EXITING WITH STATUS 1
