000 (4355763.000.000) 2026-10-09 21:41:32 Job submitted from host: <149.165.153.107:9618?addrs=149.165.153.107-9618&alias=pegasus.access-ci.org&noUDP&sock=schedd_1233_505d>
    [ DAGNodeName = "create_dir_noble-gas-reduction_0_local"; JobBatchName = "noble-gas-reduction-0.dag+4355762" ]
    pool:local
...
001 (4355763.000.000) 2026-10-09 21:41:37 Job executing on host: <149.165.153.107:9618?addrs=149.165.153.107-9618&alias=pegasus.access-ci.org&noUDP&sock=starter_1369_5591_30966>
...
005 (4355763.000.000) 2026-10-09 21:41:39 Job terminated.
	(1) Normal termination (return value 0)
		Usr 0 00:00:00, Sys 0 00:00:00  -  Run Remote Usage
		Usr 0 00:00:00, Sys 0 00:00:00  -  Run Local Usage
		Usr 0 00:00:00, Sys 0 00:00:00  -  Total Remote Usage
		Usr 0 00:00:00, Sys 0 00:00:00  -  Total Local Usage
	0  -  Run Bytes Sent By Job
	0  -  Run Bytes Received By Job
	0  -  Total Bytes Sent By Job
	0  -  Total Bytes Received By Job
...
016 (4355763.000.000) 2026-10-09 21:41:43 POST Script terminated.
	(1) Normal termination (return value 0)
    DAG Node: create_dir_noble-gas-reduction_0_local
...
000 (4355764.000.000) 2026-10-09 21:41:53 Job submitted from host: <149.165.153.107:9618?addrs=149.165.153.107-9618&alias=pegasus.access-ci.org&noUDP&sock=schedd_1233_505d>
    [ DAGNodeName = "stage_in_remote_local_2_0"; JobBatchName = "noble-gas-reduction-0.dag+4355762" ]
    pool:local
...
000 (4355765.000.000) 2026-10-09 21:41:53 Job submitted from host: <149.165.153.107:9618?addrs=149.165.153.107-9618&alias=pegasus.access-ci.org&noUDP&sock=schedd_1233_505d>
    [ DAGNodeName = "stage_in_remote_local_1_0"; JobBatchName = "noble-gas-reduction-0.dag+4355762" ]
    pool:local
...
001 (4355764.000.000) 2026-10-09 21:41:53 Job executing on host: <149.165.153.107:9618?addrs=149.165.153.107-9618&alias=pegasus.access-ci.org&noUDP&sock=starter_1369_5591_30967>
...
000 (4355766.000.000) 2026-10-09 21:41:53 Job submitted from host: <149.165.153.107:9618?addrs=149.165.153.107-9618&alias=pegasus.access-ci.org&noUDP&sock=schedd_1233_505d>
    [ DAGNodeName = "stage_in_remote_local_0_0"; JobBatchName = "noble-gas-reduction-0.dag+4355762" ]
    pool:local
...
000 (4355767.000.000) 2026-10-09 21:41:53 Job submitted from host: <149.165.153.107:9618?addrs=149.165.153.107-9618&alias=pegasus.access-ci.org&noUDP&sock=schedd_1233_505d>
    [ DAGNodeName = "stage_in_remote_local_3_0"; JobBatchName = "noble-gas-reduction-0.dag+4355762" ]
    pool:local
...
005 (4355764.000.000) 2026-10-09 21:41:57 Job terminated.
	(1) Normal termination (return value 0)
		Usr 0 00:00:00, Sys 0 00:00:00  -  Run Remote Usage
		Usr 0 00:00:00, Sys 0 00:00:00  -  Run Local Usage
		Usr 0 00:00:00, Sys 0 00:00:00  -  Total Remote Usage
		Usr 0 00:00:00, Sys 0 00:00:00  -  Total Local Usage
	0  -  Run Bytes Sent By Job
	0  -  Run Bytes Received By Job
	0  -  Total Bytes Sent By Job
	0  -  Total Bytes Received By Job
...
016 (4355764.000.000) 2026-10-09 21:41:58 POST Script terminated.
	(1) Normal termination (return value 0)
    DAG Node: stage_in_remote_local_2_0
...
001 (4355765.000.000) 2026-10-09 21:41:58 Job executing on host: <149.165.153.107:9618?addrs=149.165.153.107-9618&alias=pegasus.access-ci.org&noUDP&sock=starter_1369_5591_30968>
...
001 (4355766.000.000) 2026-10-09 21:41:58 Job executing on host: <149.165.153.107:9618?addrs=149.165.153.107-9618&alias=pegasus.access-ci.org&noUDP&sock=starter_1369_5591_30969>
...
001 (4355767.000.000) 2026-10-09 21:41:58 Job executing on host: <149.165.153.107:9618?addrs=149.165.153.107-9618&alias=pegasus.access-ci.org&noUDP&sock=starter_1369_5591_30970>
...
005 (4355765.000.000) 2026-10-09 21:42:00 Job terminated.
	(1) Normal termination (return value 0)
		Usr 0 00:00:00, Sys 0 00:00:00  -  Run Remote Usage
		Usr 0 00:00:00, Sys 0 00:00:00  -  Run Local Usage
		Usr 0 00:00:00, Sys 0 00:00:00  -  Total Remote Usage
		Usr 0 00:00:00, Sys 0 00:00:00  -  Total Local Usage
	0  -  Run Bytes Sent By Job
	0  -  Run Bytes Received By Job
	0  -  Total Bytes Sent By Job
	0  -  Total Bytes Received By Job
...
005 (4355767.000.000) 2026-10-09 21:42:00 Job terminated.
	(1) Normal termination (return value 0)
		Usr 0 00:00:00, Sys 0 00:00:00  -  Run Remote Usage
		Usr 0 00:00:00, Sys 0 00:00:00  -  Run Local Usage
		Usr 0 00:00:00, Sys 0 00:00:00  -  Total Remote Usage
		Usr 0 00:00:00, Sys 0 00:00:00  -  Total Local Usage
	0  -  Run Bytes Sent By Job
	0  -  Run Bytes Received By Job
	0  -  Total Bytes Sent By Job
	0  -  Total Bytes Received By Job
...
005 (4355766.000.000) 2026-10-09 21:42:02 Job terminated.
	(1) Normal termination (return value 0)
		Usr 0 00:00:00, Sys 0 00:00:00  -  Run Remote Usage
		Usr 0 00:00:00, Sys 0 00:00:00  -  Run Local Usage
		Usr 0 00:00:00, Sys 0 00:00:00  -  Total Remote Usage
		Usr 0 00:00:00, Sys 0 00:00:00  -  Total Local Usage
	0  -  Run Bytes Sent By Job
	0  -  Run Bytes Received By Job
	0  -  Total Bytes Sent By Job
	0  -  Total Bytes Received By Job
...
016 (4355767.000.000) 2026-10-09 21:42:03 POST Script terminated.
	(1) Normal termination (return value 0)
    DAG Node: stage_in_remote_local_3_0
...
016 (4355765.000.000) 2026-10-09 21:42:03 POST Script terminated.
	(1) Normal termination (return value 0)
    DAG Node: stage_in_remote_local_1_0
...
016 (4355766.000.000) 2026-10-09 21:42:03 POST Script terminated.
	(1) Normal termination (return value 0)
    DAG Node: stage_in_remote_local_0_0
...
000 (4355768.000.000) 2026-10-09 21:42:13 Job submitted from host: <149.165.153.107:9618?addrs=149.165.153.107-9618&alias=pegasus.access-ci.org&noUDP&sock=schedd_1233_505d>
    [ DAGNodeName = "build_semiraw_ID0000001"; JobBatchName = "noble-gas-reduction-0.dag+4355762" ]
    pool:local
...
001 (4355768.000.000) 2026-10-09 21:42:13 Job executing on host: <149.165.153.107:9618?addrs=149.165.153.107-9618&alias=pegasus.access-ci.org&noUDP&sock=starter_1369_5591_30972>
...
005 (4355768.000.000) 2026-10-09 21:42:15 Job terminated.
	(1) Normal termination (return value 71)
		Usr 0 00:00:00, Sys 0 00:00:00  -  Run Remote Usage
		Usr 0 00:00:00, Sys 0 00:00:01  -  Run Local Usage
		Usr 0 00:00:00, Sys 0 00:00:00  -  Total Remote Usage
		Usr 0 00:00:00, Sys 0 00:00:00  -  Total Local Usage
	0  -  Run Bytes Sent By Job
	0  -  Run Bytes Received By Job
	0  -  Total Bytes Sent By Job
	0  -  Total Bytes Received By Job
...
016 (4355768.000.000) 2026-10-09 21:42:18 POST Script terminated.
	(1) Normal termination (return value 1)
    DAG Node: build_semiraw_ID0000001
...
